============================================================
  Generated by:           Genus(TM) Synthesis Solution 25.13-s071_1
  Generated on:           Sep 28 2026  06:07:21 pm
  Operating conditions:   _nominal_ (balanced_tree)
  Wireload mode:          top
  Area mode:              timing library
============================================================

                                                                              
           Gate             Instances    Area              Library            
------------------------------------------------------------------------------
sky130_fd_sc_hd__a2111o_1           1    11.261 sky130_fd_sc_hd__tt_025C_1v80 
sky130_fd_sc_hd__a2111oi_0          3    26.275 sky130_fd_sc_hd__tt_025C_1v80 
sky130_fd_sc_hd__a211o_1            2    17.517 sky130_fd_sc_hd__tt_025C_1v80 
sky130_fd_sc_hd__a21boi_1           9    67.565 sky130_fd_sc_hd__tt_025C_1v80 
sky130_fd_sc_hd__a21o_1            37   277.766 sky130_fd_sc_hd__tt_025C_1v80 
sky130_fd_sc_hd__a21oi_1           72   360.346 sky130_fd_sc_hd__tt_025C_1v80 
sky130_fd_sc_hd__a221o_1           38   380.365 sky130_fd_sc_hd__tt_025C_1v80 
sky130_fd_sc_hd__a221oi_1          39   341.578 sky130_fd_sc_hd__tt_025C_1v80 
sky130_fd_sc_hd__a222oi_1         160  1601.536 sky130_fd_sc_hd__tt_025C_1v80 
sky130_fd_sc_hd__a22o_1           164  1436.378 sky130_fd_sc_hd__tt_025C_1v80 
sky130_fd_sc_hd__a22o_2             1    10.010 sky130_fd_sc_hd__tt_025C_1v80 
sky130_fd_sc_hd__a22oi_1         1066  8002.675 sky130_fd_sc_hd__tt_025C_1v80 
sky130_fd_sc_hd__a2bb2oi_1          8    70.067 sky130_fd_sc_hd__tt_025C_1v80 
sky130_fd_sc_hd__a311o_1            1    10.010 sky130_fd_sc_hd__tt_025C_1v80 
sky130_fd_sc_hd__a311oi_1           4    35.034 sky130_fd_sc_hd__tt_025C_1v80 
sky130_fd_sc_hd__a31oi_1            9    56.304 sky130_fd_sc_hd__tt_025C_1v80 
sky130_fd_sc_hd__a32o_1             1    10.010 sky130_fd_sc_hd__tt_025C_1v80 
sky130_fd_sc_hd__a32oi_1            2    17.517 sky130_fd_sc_hd__tt_025C_1v80 
sky130_fd_sc_hd__and2_0            11    68.816 sky130_fd_sc_hd__tt_025C_1v80 
sky130_fd_sc_hd__and2_1            12    75.072 sky130_fd_sc_hd__tt_025C_1v80 
sky130_fd_sc_hd__and2_2             2    15.014 sky130_fd_sc_hd__tt_025C_1v80 
sky130_fd_sc_hd__and2_4             4    35.034 sky130_fd_sc_hd__tt_025C_1v80 
sky130_fd_sc_hd__and2b_1            2    15.014 sky130_fd_sc_hd__tt_025C_1v80 
sky130_fd_sc_hd__and3_1             2    12.512 sky130_fd_sc_hd__tt_025C_1v80 
sky130_fd_sc_hd__and4b_1            1    10.010 sky130_fd_sc_hd__tt_025C_1v80 
sky130_fd_sc_hd__clkinv_1          24    90.086 sky130_fd_sc_hd__tt_025C_1v80 
sky130_fd_sc_hd__dfrbp_1           47  1352.547 sky130_fd_sc_hd__tt_025C_1v80 
sky130_fd_sc_hd__dfrtp_1          481 12036.544 sky130_fd_sc_hd__tt_025C_1v80 
sky130_fd_sc_hd__dfstp_2            3    78.826 sky130_fd_sc_hd__tt_025C_1v80 
sky130_fd_sc_hd__fa_1              12   240.230 sky130_fd_sc_hd__tt_025C_1v80 
sky130_fd_sc_hd__fa_2               1    22.522 sky130_fd_sc_hd__tt_025C_1v80 
sky130_fd_sc_hd__ha_1              16   200.192 sky130_fd_sc_hd__tt_025C_1v80 
sky130_fd_sc_hd__inv_1             59   221.462 sky130_fd_sc_hd__tt_025C_1v80 
sky130_fd_sc_hd__inv_12             1    16.266 sky130_fd_sc_hd__tt_025C_1v80 
sky130_fd_sc_hd__inv_2            141   529.258 sky130_fd_sc_hd__tt_025C_1v80 
sky130_fd_sc_hd__mux2_1             1    11.261 sky130_fd_sc_hd__tt_025C_1v80 
sky130_fd_sc_hd__mux2_2             3    33.782 sky130_fd_sc_hd__tt_025C_1v80 
sky130_fd_sc_hd__mux2_4             1    15.014 sky130_fd_sc_hd__tt_025C_1v80 
sky130_fd_sc_hd__mux2i_1            1    10.010 sky130_fd_sc_hd__tt_025C_1v80 
sky130_fd_sc_hd__nand2_1          536  2011.930 sky130_fd_sc_hd__tt_025C_1v80 
sky130_fd_sc_hd__nand2b_1          85   531.760 sky130_fd_sc_hd__tt_025C_1v80 
sky130_fd_sc_hd__nand2b_2           1     8.758 sky130_fd_sc_hd__tt_025C_1v80 
sky130_fd_sc_hd__nand3_1          110   550.528 sky130_fd_sc_hd__tt_025C_1v80 
sky130_fd_sc_hd__nand3b_1           4    30.029 sky130_fd_sc_hd__tt_025C_1v80 
sky130_fd_sc_hd__nand4_1          228  1426.368 sky130_fd_sc_hd__tt_025C_1v80 
sky130_fd_sc_hd__nand4b_1           5    43.792 sky130_fd_sc_hd__tt_025C_1v80 
sky130_fd_sc_hd__nor2_1           359  1347.542 sky130_fd_sc_hd__tt_025C_1v80 
sky130_fd_sc_hd__nor2_2            10    62.560 sky130_fd_sc_hd__tt_025C_1v80 
sky130_fd_sc_hd__nor2b_1          126   788.256 sky130_fd_sc_hd__tt_025C_1v80 
sky130_fd_sc_hd__nor2b_4            1    13.763 sky130_fd_sc_hd__tt_025C_1v80 
sky130_fd_sc_hd__nor3_1            17    85.082 sky130_fd_sc_hd__tt_025C_1v80 
sky130_fd_sc_hd__nor3b_1            6    45.043 sky130_fd_sc_hd__tt_025C_1v80 
sky130_fd_sc_hd__nor4_1             7    43.792 sky130_fd_sc_hd__tt_025C_1v80 
sky130_fd_sc_hd__o2111a_1           2    22.522 sky130_fd_sc_hd__tt_025C_1v80 
sky130_fd_sc_hd__o2111ai_1         22   192.685 sky130_fd_sc_hd__tt_025C_1v80 
sky130_fd_sc_hd__o211a_1            1    10.010 sky130_fd_sc_hd__tt_025C_1v80 
sky130_fd_sc_hd__o211ai_1          33   247.738 sky130_fd_sc_hd__tt_025C_1v80 
sky130_fd_sc_hd__o21a_1             9    67.565 sky130_fd_sc_hd__tt_025C_1v80 
sky130_fd_sc_hd__o21ai_0            8    40.038 sky130_fd_sc_hd__tt_025C_1v80 
sky130_fd_sc_hd__o21ai_1          121   605.581 sky130_fd_sc_hd__tt_025C_1v80 
sky130_fd_sc_hd__o21ai_2            1     8.758 sky130_fd_sc_hd__tt_025C_1v80 
sky130_fd_sc_hd__o21bai_1           4    30.029 sky130_fd_sc_hd__tt_025C_1v80 
sky130_fd_sc_hd__o221a_1            1    11.261 sky130_fd_sc_hd__tt_025C_1v80 
sky130_fd_sc_hd__o221a_2            2    22.522 sky130_fd_sc_hd__tt_025C_1v80 
sky130_fd_sc_hd__o221ai_1          48   420.403 sky130_fd_sc_hd__tt_025C_1v80 
sky130_fd_sc_hd__o22a_1             4    35.034 sky130_fd_sc_hd__tt_025C_1v80 
sky130_fd_sc_hd__o22ai_1           35   218.960 sky130_fd_sc_hd__tt_025C_1v80 
sky130_fd_sc_hd__o2bb2ai_1        112   980.941 sky130_fd_sc_hd__tt_025C_1v80 
sky130_fd_sc_hd__o311a_1            1    10.010 sky130_fd_sc_hd__tt_025C_1v80 
sky130_fd_sc_hd__o311ai_1           4    35.034 sky130_fd_sc_hd__tt_025C_1v80 
sky130_fd_sc_hd__o31a_1             3    26.275 sky130_fd_sc_hd__tt_025C_1v80 
sky130_fd_sc_hd__o31ai_1            2    15.014 sky130_fd_sc_hd__tt_025C_1v80 
sky130_fd_sc_hd__o32ai_1            2    17.517 sky130_fd_sc_hd__tt_025C_1v80 
sky130_fd_sc_hd__or2_0              2    12.512 sky130_fd_sc_hd__tt_025C_1v80 
sky130_fd_sc_hd__or2_1              7    43.792 sky130_fd_sc_hd__tt_025C_1v80 
sky130_fd_sc_hd__or2_2              2    12.512 sky130_fd_sc_hd__tt_025C_1v80 
sky130_fd_sc_hd__or2b_4             1    11.261 sky130_fd_sc_hd__tt_025C_1v80 
sky130_fd_sc_hd__or3_1              6    37.536 sky130_fd_sc_hd__tt_025C_1v80 
sky130_fd_sc_hd__or3b_2             1     8.758 sky130_fd_sc_hd__tt_025C_1v80 
sky130_fd_sc_hd__or4_1             66   495.475 sky130_fd_sc_hd__tt_025C_1v80 
sky130_fd_sc_hd__sdfrtp_1         992 31029.761 sky130_fd_sc_hd__tt_025C_1v80 
sky130_fd_sc_hd__xnor2_1           10    87.584 sky130_fd_sc_hd__tt_025C_1v80 
sky130_fd_sc_hd__xor2_1            17   148.893 sky130_fd_sc_hd__tt_025C_1v80 
------------------------------------------------------------------------------
total                            5456 69716.865                               
                                          
     Type      Instances    Area   Area % 
------------------------------------------
sequential          1523 44497.678   63.8 
inverter             225   857.072    1.2 
logic               3708 24362.115   34.9 
physical_cells         0     0.000    0.0 
------------------------------------------
total               5456 69716.865  100.0 
