============================================================
  Generated by:           Genus(TM) Synthesis Solution 25.13-s071_1
  Generated on:           Sep 28 2026  06:07:21 pm
  Module:                 riscv_core_top
  Operating conditions:   _nominal_ (balanced_tree)
  Wireload mode:          top
  Area mode:              timing library
============================================================

Timing
--------

Clock Period 
-------------
clk   6000.0 


  Cost    Critical         Violating 
 Group   Path Slack  TNS     Paths   
-------------------------------------
clk             0.4   0.0          0 
default    No paths   0.0            
-------------------------------------
Total                 0.0          0 

Instance Count
--------------
Leaf Instance Count             5456 
Physical Instance count            0 
Sequential Instance Count       1523 
Combinational Instance Count    3933 
Hierarchical Instance Count        0 

Area
----
Cell Area                          69716.865
Physical Cell Area                 0.000
Total Cell Area (Cell+Physical)    69716.865
Net Area                           0.000
Total Area (Cell+Physical+Net)     69716.865

Max Fanout                         1523 (clk)
Min Fanout                         0 (id_ex_rs1_data[0])
Average Fanout                     3.2
Terms to net ratio                 4.4308
Terms to instance ratio            4.5453
Runtime                            372.5980979999998 seconds
Elapsed Runtime                    377 seconds
Genus peak memory usage            3179.65 
Innovus peak memory usage          no_value 
Hostname                           linuxe4.engr.colostate.edu
