============================================================
  Generated by:           Genus(TM) Synthesis Solution 25.13-s071_1
  Generated on:           Sep 28 2026  06:07:21 pm
  Module:                 riscv_core_top
  Operating conditions:   _nominal_ (balanced_tree)
  Wireload mode:          top
  Area mode:              timing library
============================================================


Path 1: MET (0 ps) Setup Check with Pin u_pc_unit_pc_reg[31]/CLK->D
          Group: clk
     Startpoint: (R) u_mem_wb_rd_out_reg[1]/CLK
          Clock: (R) clk
       Endpoint: (F) u_pc_unit_pc_reg[31]/D
          Clock: (R) clk

                     Capture       Launch     
        Clock Edge:+    6000            0     
       Src Latency:+       0            0     
       Net Latency:+       0 (I)        0 (I) 
           Arrival:=    6000            0     
                                              
             Setup:-     132                  
     Required Time:=    5868                  
      Launch Clock:-       0                  
         Data Path:-    5867                  
             Slack:=       0                  

#------------------------------------------------------------------------------------------------------------------------
#       Timing Point         Flags     Arc     Edge            Cell             Fanout Load Trans Delay Arrival Instance 
#                                                                                      (fF)  (ps)  (ps)   (ps)  Location 
#------------------------------------------------------------------------------------------------------------------------
  u_mem_wb_rd_out_reg[1]/CLK -       -         R     (arrival)                    1523    -     0     0       0    (-,-) 
  u_mem_wb_rd_out_reg[1]/Q_N -       CLK->Q_N  R     sky130_fd_sc_hd__dfrbp_1       10 26.2   239   587     587    (-,-) 
  g41483/Y                   -       B->Y      F     sky130_fd_sc_hd__nand2b_1       3  7.3    87   123     710    (-,-) 
  g41434/X                   -       A3->X     F     sky130_fd_sc_hd__o31a_1         2  5.0    59   263     972    (-,-) 
  g41420/Y                   -       A->Y      R     sky130_fd_sc_hd__nor2_1         1  2.8    80   105    1077    (-,-) 
  g41415/Y                   -       A->Y      F     sky130_fd_sc_hd__nor2_1         1  2.5    32    54    1131    (-,-) 
  g41334/Y                   -       C->Y      R     sky130_fd_sc_hd__nand3_1        2  5.5    86    92    1223    (-,-) 
  g2/X                       -       A->X      R     sky130_fd_sc_hd__or2b_4        14 39.0   127   195    1418    (-,-) 
  g41204/Y                   -       A2->Y     F     sky130_fd_sc_hd__o221ai_1       5 11.6   203   198    1616    (-,-) 
  add_406_27_g2040/X         -       B->X      F     sky130_fd_sc_hd__or2_1          2  5.0    60   281    1896    (-,-) 
  add_406_27_g1961/Y         -       B->Y      R     sky130_fd_sc_hd__nand2_1        1  2.7    45    70    1966    (-,-) 
  add_406_27_g1959/Y         -       A->Y      F     sky130_fd_sc_hd__nand2_1        3  7.6    65    74    2040    (-,-) 
  add_406_27_g1955/Y         -       A->Y      R     sky130_fd_sc_hd__nand2_1        1  2.7    45    64    2104    (-,-) 
  add_406_27_g1953/Y         -       A->Y      F     sky130_fd_sc_hd__nand2_1        3  8.2    69    77    2181    (-,-) 
  add_406_27_g1952/Y         -       A->Y      R     sky130_fd_sc_hd__clkinv_1       2  5.6    43    66    2248    (-,-) 
  add_406_27_g1950/X         -       A3->X     R     sky130_fd_sc_hd__o31a_1         2  7.8    97   146    2394    (-,-) 
  add_406_27_g1947/Y         -       A2->Y     F     sky130_fd_sc_hd__o21ai_1        3  7.6    81    96    2489    (-,-) 
  add_406_27_g1945/Y         -       A->Y      R     sky130_fd_sc_hd__nand2_1        1  2.7    45    71    2560    (-,-) 
  add_406_27_g1943/Y         -       A->Y      F     sky130_fd_sc_hd__nand2_1        3  8.2    68    77    2636    (-,-) 
  add_406_27_g1941/Y         -       A->Y      R     sky130_fd_sc_hd__nand3_1        1  2.7    59    74    2711    (-,-) 
  add_406_27_g1939/Y         -       A->Y      F     sky130_fd_sc_hd__nand3_1        2  7.0    91    98    2808    (-,-) 
  add_406_27_g1935/Y         -       A->Y      R     sky130_fd_sc_hd__nand2_1        2  5.4    68    93    2901    (-,-) 
  add_406_27_g1929/Y         -       D->Y      F     sky130_fd_sc_hd__nor4_1         1  2.5    60    48    2950    (-,-) 
  add_406_27_g1927/Y         -       B->Y      R     sky130_fd_sc_hd__nor2_1         3  9.2   186   170    3120    (-,-) 
  add_406_27_g1920/X         -       A2->X     R     sky130_fd_sc_hd__o21a_1         4 11.0   115   190    3310    (-,-) 
  add_406_27_g1915/Y         -       B->Y      F     sky130_fd_sc_hd__nor2_1         2  4.1    53    62    3372    (-,-) 
  add_406_27_g1907/Y         -       A1->Y     R     sky130_fd_sc_hd__a21oi_1        4 11.1   267   241    3613    (-,-) 
  add_406_27_g1903/Y         -       C->Y      F     sky130_fd_sc_hd__nor3_1         1  2.5    63    77    3690    (-,-) 
  add_406_27_g1899/Y         -       B->Y      R     sky130_fd_sc_hd__nor2_1         3  8.4   172   162    3852    (-,-) 
  add_406_27_g1896/Y         -       A2->Y     F     sky130_fd_sc_hd__o21ai_1        1  4.8    62    96    3947    (-,-) 
  add_406_27_g1894/COUT      -       CIN->COUT F     sky130_fd_sc_hd__fa_1           1  4.8    82   384    4331    (-,-) 
  add_406_27_g1893/COUT      -       CIN->COUT F     sky130_fd_sc_hd__fa_1           1  4.8    82   391    4723    (-,-) 
  add_406_27_g1892/COUT      -       CIN->COUT F     sky130_fd_sc_hd__fa_1           1  4.8    82   391    5114    (-,-) 
  add_406_27_g1891/COUT      -       CIN->COUT F     sky130_fd_sc_hd__fa_1           2  5.1    84   394    5508    (-,-) 
  add_406_27_g1890/Y         -       A2_N->Y   F     sky130_fd_sc_hd__o2bb2ai_1      1  2.5    51   133    5641    (-,-) 
  g48911/Y                   -       B1->Y     R     sky130_fd_sc_hd__a22oi_1        1  2.7   152   136    5778    (-,-) 
  g48198/Y                   -       A->Y      F     sky130_fd_sc_hd__nand3_1        1  2.2    63    86    5863    (-,-) 
  u_pc_unit_pc_reg[31]/D     <<<     -         F     sky130_fd_sc_hd__dfrtp_1        1    -     -     4    5867    (-,-) 
#------------------------------------------------------------------------------------------------------------------------

