============================================================
  Generated by:           Genus(TM) Synthesis Solution 25.13-s071_1
  Generated on:           Sep 28 2026  05:57:19 pm
  Operating conditions:   _nominal_ (balanced_tree)
  Wireload mode:          top
  Area mode:              timing library
============================================================

                                                                              
           Gate             Instances    Area              Library            
------------------------------------------------------------------------------
sky130_fd_sc_hd__a2111o_1           2    22.522 sky130_fd_sc_hd__tt_025C_1v80 
sky130_fd_sc_hd__a2111oi_0          2    17.517 sky130_fd_sc_hd__tt_025C_1v80 
sky130_fd_sc_hd__a211o_1            3    26.275 sky130_fd_sc_hd__tt_025C_1v80 
sky130_fd_sc_hd__a21bo_1            1    10.010 sky130_fd_sc_hd__tt_025C_1v80 
sky130_fd_sc_hd__a21bo_2            1    10.010 sky130_fd_sc_hd__tt_025C_1v80 
sky130_fd_sc_hd__a21boi_1           6    45.043 sky130_fd_sc_hd__tt_025C_1v80 
sky130_fd_sc_hd__a21o_1            30   225.216 sky130_fd_sc_hd__tt_025C_1v80 
sky130_fd_sc_hd__a21o_2             1     8.758 sky130_fd_sc_hd__tt_025C_1v80 
sky130_fd_sc_hd__a21oi_1           71   355.341 sky130_fd_sc_hd__tt_025C_1v80 
sky130_fd_sc_hd__a221o_1           36   360.346 sky130_fd_sc_hd__tt_025C_1v80 
sky130_fd_sc_hd__a221oi_1          37   324.061 sky130_fd_sc_hd__tt_025C_1v80 
sky130_fd_sc_hd__a222oi_1         161  1611.546 sky130_fd_sc_hd__tt_025C_1v80 
sky130_fd_sc_hd__a22o_1           259  2268.426 sky130_fd_sc_hd__tt_025C_1v80 
sky130_fd_sc_hd__a22oi_1          990  7432.128 sky130_fd_sc_hd__tt_025C_1v80 
sky130_fd_sc_hd__a2bb2oi_1         12   105.101 sky130_fd_sc_hd__tt_025C_1v80 
sky130_fd_sc_hd__a311o_1            1    10.010 sky130_fd_sc_hd__tt_025C_1v80 
sky130_fd_sc_hd__a311oi_1           2    17.517 sky130_fd_sc_hd__tt_025C_1v80 
sky130_fd_sc_hd__a31oi_1            8    50.048 sky130_fd_sc_hd__tt_025C_1v80 
sky130_fd_sc_hd__a32o_1             2    20.019 sky130_fd_sc_hd__tt_025C_1v80 
sky130_fd_sc_hd__a32oi_1            5    43.792 sky130_fd_sc_hd__tt_025C_1v80 
sky130_fd_sc_hd__a41oi_1            2    17.517 sky130_fd_sc_hd__tt_025C_1v80 
sky130_fd_sc_hd__and2_0            11    68.816 sky130_fd_sc_hd__tt_025C_1v80 
sky130_fd_sc_hd__and2_1            21   131.376 sky130_fd_sc_hd__tt_025C_1v80 
sky130_fd_sc_hd__and2_2             2    15.014 sky130_fd_sc_hd__tt_025C_1v80 
sky130_fd_sc_hd__and2b_2            1     8.758 sky130_fd_sc_hd__tt_025C_1v80 
sky130_fd_sc_hd__and3_1             9    56.304 sky130_fd_sc_hd__tt_025C_1v80 
sky130_fd_sc_hd__and3b_1            2    17.517 sky130_fd_sc_hd__tt_025C_1v80 
sky130_fd_sc_hd__and4_1             1     8.758 sky130_fd_sc_hd__tt_025C_1v80 
sky130_fd_sc_hd__buf_2              2    10.010 sky130_fd_sc_hd__tt_025C_1v80 
sky130_fd_sc_hd__clkinv_1          10    37.536 sky130_fd_sc_hd__tt_025C_1v80 
sky130_fd_sc_hd__dfrbp_1           42  1208.659 sky130_fd_sc_hd__tt_025C_1v80 
sky130_fd_sc_hd__dfrtp_1          485 12136.640 sky130_fd_sc_hd__tt_025C_1v80 
sky130_fd_sc_hd__dfstp_2            3    78.826 sky130_fd_sc_hd__tt_025C_1v80 
sky130_fd_sc_hd__fa_1               9   180.173 sky130_fd_sc_hd__tt_025C_1v80 
sky130_fd_sc_hd__ha_1              28   350.336 sky130_fd_sc_hd__tt_025C_1v80 
sky130_fd_sc_hd__inv_1             86   322.810 sky130_fd_sc_hd__tt_025C_1v80 
sky130_fd_sc_hd__inv_2            114   427.910 sky130_fd_sc_hd__tt_025C_1v80 
sky130_fd_sc_hd__inv_4              1     6.256 sky130_fd_sc_hd__tt_025C_1v80 
sky130_fd_sc_hd__maj3_1             1    10.010 sky130_fd_sc_hd__tt_025C_1v80 
sky130_fd_sc_hd__mux2_2             1    11.261 sky130_fd_sc_hd__tt_025C_1v80 
sky130_fd_sc_hd__nand2_1          442  1659.091 sky130_fd_sc_hd__tt_025C_1v80 
sky130_fd_sc_hd__nand2_2            1     6.256 sky130_fd_sc_hd__tt_025C_1v80 
sky130_fd_sc_hd__nand2b_1          87   544.272 sky130_fd_sc_hd__tt_025C_1v80 
sky130_fd_sc_hd__nand2b_2           1     8.758 sky130_fd_sc_hd__tt_025C_1v80 
sky130_fd_sc_hd__nand3_1           82   410.394 sky130_fd_sc_hd__tt_025C_1v80 
sky130_fd_sc_hd__nand3_2            1    10.010 sky130_fd_sc_hd__tt_025C_1v80 
sky130_fd_sc_hd__nand3b_1           5    37.536 sky130_fd_sc_hd__tt_025C_1v80 
sky130_fd_sc_hd__nand4_1          245  1532.720 sky130_fd_sc_hd__tt_025C_1v80 
sky130_fd_sc_hd__nand4b_1           4    35.034 sky130_fd_sc_hd__tt_025C_1v80 
sky130_fd_sc_hd__nor2_1           244   915.878 sky130_fd_sc_hd__tt_025C_1v80 
sky130_fd_sc_hd__nor2_2             1     6.256 sky130_fd_sc_hd__tt_025C_1v80 
sky130_fd_sc_hd__nor2b_1          138   863.328 sky130_fd_sc_hd__tt_025C_1v80 
sky130_fd_sc_hd__nor3_1            13    65.062 sky130_fd_sc_hd__tt_025C_1v80 
sky130_fd_sc_hd__nor3b_1            3    22.522 sky130_fd_sc_hd__tt_025C_1v80 
sky130_fd_sc_hd__nor4_1            11    68.816 sky130_fd_sc_hd__tt_025C_1v80 
sky130_fd_sc_hd__nor4b_1            2    17.517 sky130_fd_sc_hd__tt_025C_1v80 
sky130_fd_sc_hd__o2111a_1           2    22.522 sky130_fd_sc_hd__tt_025C_1v80 
sky130_fd_sc_hd__o2111ai_1         23   201.443 sky130_fd_sc_hd__tt_025C_1v80 
sky130_fd_sc_hd__o211a_1            1    10.010 sky130_fd_sc_hd__tt_025C_1v80 
sky130_fd_sc_hd__o211ai_1          27   202.694 sky130_fd_sc_hd__tt_025C_1v80 
sky130_fd_sc_hd__o21a_1            10    75.072 sky130_fd_sc_hd__tt_025C_1v80 
sky130_fd_sc_hd__o21a_2             1     8.758 sky130_fd_sc_hd__tt_025C_1v80 
sky130_fd_sc_hd__o21ai_0           10    50.048 sky130_fd_sc_hd__tt_025C_1v80 
sky130_fd_sc_hd__o21ai_1          114   570.547 sky130_fd_sc_hd__tt_025C_1v80 
sky130_fd_sc_hd__o21bai_1           9    67.565 sky130_fd_sc_hd__tt_025C_1v80 
sky130_fd_sc_hd__o221a_1            1    11.261 sky130_fd_sc_hd__tt_025C_1v80 
sky130_fd_sc_hd__o221a_2            6    67.565 sky130_fd_sc_hd__tt_025C_1v80 
sky130_fd_sc_hd__o221ai_1          64   560.538 sky130_fd_sc_hd__tt_025C_1v80 
sky130_fd_sc_hd__o22a_1             1     8.758 sky130_fd_sc_hd__tt_025C_1v80 
sky130_fd_sc_hd__o22ai_1           27   168.912 sky130_fd_sc_hd__tt_025C_1v80 
sky130_fd_sc_hd__o2bb2ai_1         94   823.290 sky130_fd_sc_hd__tt_025C_1v80 
sky130_fd_sc_hd__o311a_1            3    30.029 sky130_fd_sc_hd__tt_025C_1v80 
sky130_fd_sc_hd__o311ai_1           1     8.758 sky130_fd_sc_hd__tt_025C_1v80 
sky130_fd_sc_hd__o31ai_1            1     7.507 sky130_fd_sc_hd__tt_025C_1v80 
sky130_fd_sc_hd__o32ai_1            5    43.792 sky130_fd_sc_hd__tt_025C_1v80 
sky130_fd_sc_hd__or2_0              4    25.024 sky130_fd_sc_hd__tt_025C_1v80 
sky130_fd_sc_hd__or2_1             11    68.816 sky130_fd_sc_hd__tt_025C_1v80 
sky130_fd_sc_hd__or2_2              3    18.768 sky130_fd_sc_hd__tt_025C_1v80 
sky130_fd_sc_hd__or3_1              6    37.536 sky130_fd_sc_hd__tt_025C_1v80 
sky130_fd_sc_hd__or3b_1             1     8.758 sky130_fd_sc_hd__tt_025C_1v80 
sky130_fd_sc_hd__or4_1             65   487.968 sky130_fd_sc_hd__tt_025C_1v80 
sky130_fd_sc_hd__or4b_1             1    10.010 sky130_fd_sc_hd__tt_025C_1v80 
sky130_fd_sc_hd__sdfrtp_1         993 31061.041 sky130_fd_sc_hd__tt_025C_1v80 
sky130_fd_sc_hd__xnor2_1            6    52.550 sky130_fd_sc_hd__tt_025C_1v80 
sky130_fd_sc_hd__xor2_1            27   236.477 sky130_fd_sc_hd__tt_025C_1v80 
------------------------------------------------------------------------------
total                            5258 69217.636                               
                                          
     Type      Instances    Area   Area % 
------------------------------------------
sequential          1523 44485.166   64.3 
inverter             211   794.512    1.1 
buffer                 2    10.010    0.0 
logic               3522 23927.949   34.6 
physical_cells         0     0.000    0.0 
------------------------------------------
total               5258 69217.636  100.0 
