============================================================
  Generated by:           Genus(TM) Synthesis Solution 25.13-s071_1
  Generated on:           Sep 28 2026  05:57:19 pm
  Module:                 riscv_core_top
  Operating conditions:   _nominal_ (balanced_tree)
  Wireload mode:          top
  Area mode:              timing library
============================================================

Timing
--------

Clock Period 
-------------
clk   8000.0 


  Cost    Critical         Violating 
 Group   Path Slack  TNS     Paths   
-------------------------------------
clk            13.7   0.0          0 
default    No paths   0.0            
-------------------------------------
Total                 0.0          0 

Instance Count
--------------
Leaf Instance Count             5258 
Physical Instance count            0 
Sequential Instance Count       1523 
Combinational Instance Count    3735 
Hierarchical Instance Count        0 

Area
----
Cell Area                          69217.636
Physical Cell Area                 0.000
Total Cell Area (Cell+Physical)    69217.636
Net Area                           0.000
Total Area (Cell+Physical+Net)     69217.636

Max Fanout                         1523 (clk)
Min Fanout                         0 (rst_n)
Average Fanout                     3.2
Terms to net ratio                 4.4912
Terms to instance ratio            4.6151
Runtime                            374.163661 seconds
Elapsed Runtime                    381 seconds
Genus peak memory usage            2935.59 
Innovus peak memory usage          no_value 
Hostname                           linuxe4.engr.colostate.edu
