============================================================
  Generated by:           Genus(TM) Synthesis Solution 25.13-s071_1
  Generated on:           Sep 28 2026  05:57:19 pm
  Module:                 riscv_core_top
  Operating conditions:   _nominal_ (balanced_tree)
  Wireload mode:          top
  Area mode:              timing library
============================================================


Path 1: MET (14 ps) Setup Check with Pin u_pc_unit_pc_reg[31]/CLK->D
          Group: clk
     Startpoint: (R) u_mem_wb_rd_out_reg[1]/CLK
          Clock: (R) clk
       Endpoint: (F) u_pc_unit_pc_reg[31]/D
          Clock: (R) clk

                     Capture       Launch     
        Clock Edge:+    8000            0     
       Src Latency:+       0            0     
       Net Latency:+       0 (I)        0 (I) 
           Arrival:=    8000            0     
                                              
             Setup:-     129                  
     Required Time:=    7871                  
      Launch Clock:-       0                  
         Data Path:-    7857                  
             Slack:=      14                  

#--------------------------------------------------------------------------------------------------------------------------------
#           Timing Point             Flags     Arc     Edge            Cell             Fanout Load Trans Delay Arrival Instance 
#                                                                                              (fF)  (ps)  (ps)   (ps)  Location 
#--------------------------------------------------------------------------------------------------------------------------------
  u_mem_wb_rd_out_reg[1]/CLK         -       -         R     (arrival)                    1523    -     0     0       0    (-,-) 
  u_mem_wb_rd_out_reg[1]/Q           -       CLK->Q    F     sky130_fd_sc_hd__dfrbp_1       10 23.1   147   494     494    (-,-) 
  g42032/Y                           -       B->Y      R     sky130_fd_sc_hd__nor2_1         2  6.2   140   165     659    (-,-) 
  g41911/Y                           -       A1->Y     F     sky130_fd_sc_hd__a21oi_1        2  4.9    67    98     757    (-,-) 
  g41865/Y                           -       B1->Y     R     sky130_fd_sc_hd__o221ai_1       1  2.8   162   169     926    (-,-) 
  g41838/Y                           -       A->Y      F     sky130_fd_sc_hd__nor2_1         1  2.6    46    72     997    (-,-) 
  g41827/Y                           -       A->Y      R     sky130_fd_sc_hd__nand2_1        2  3.5    50    63    1060    (-,-) 
  g41808/X                           -       B->X      R     sky130_fd_sc_hd__and2_1        32 81.3   780   636    1696    (-,-) 
  g41730/Y                           -       B1->Y     F     sky130_fd_sc_hd__a22oi_1        1  2.3   168   131    1827    (-,-) 
  g41505/Y                           -       B1->Y     R     sky130_fd_sc_hd__o21ai_1        5 12.5   276   216    2043    (-,-) 
  g41441/Y                           -       A_N->Y    R     sky130_fd_sc_hd__nand2b_1       1  2.3    64   145    2188    (-,-) 
  g41410/Y                           -       B1->Y     F     sky130_fd_sc_hd__o21ai_1        2  4.9    87    78    2266    (-,-) 
  g41361/Y                           -       A->Y      R     sky130_fd_sc_hd__nor4_1         1  2.7   217   276    2541    (-,-) 
  g41351/Y                           -       C->Y      F     sky130_fd_sc_hd__nand4_1        1  2.5    88   120    2661    (-,-) 
  g41348/Y                           -       D->Y      R     sky130_fd_sc_hd__nor4_1         1  5.0   301   240    2901    (-,-) 
  g41345/Y                           -       B->Y      R     sky130_fd_sc_hd__xnor2_1        1  2.8   118   166    3066    (-,-) 
  g41343/Y                           -       A2->Y     F     sky130_fd_sc_hd__o21bai_1       1  2.6    48    76    3143    (-,-) 
  g41342/Y                           -       A->Y      R     sky130_fd_sc_hd__nand2_1        5 16.0   159   142    3284    (-,-) 
  g41340/Y                           -       B1->Y     F     sky130_fd_sc_hd__a21oi_1        1  2.6    51    60    3345    (-,-) 
  g41325/Y                           -       A2->Y     R     sky130_fd_sc_hd__o21ai_1        1  2.9   102   119    3463    (-,-) 
  g41319/Y                           -       A2->Y     F     sky130_fd_sc_hd__o21ai_1        1  2.1    47    67    3530    (-,-) 
  g41314/X                           -       A0->X     F     sky130_fd_sc_hd__mux2_2         2  5.1    57   270    3800    (-,-) 
  add_406_27_Y_add_401_18_g2071/Y    -       A->Y      R     sky130_fd_sc_hd__nand2_1        4 10.6   112   111    3911    (-,-) 
  add_406_27_Y_add_401_18_g1971/Y    -       A1->Y     F     sky130_fd_sc_hd__o21ai_1        3  7.6    80   113    4024    (-,-) 
  add_406_27_Y_add_401_18_g1963/Y    -       A->Y      R     sky130_fd_sc_hd__nand2_1        1  2.7    46    71    4095    (-,-) 
  add_406_27_Y_add_401_18_g1961/Y    -       A->Y      F     sky130_fd_sc_hd__nand2_1        3  7.6    64    74    4169    (-,-) 
  add_406_27_Y_add_401_18_g1960/Y    -       A->Y      R     sky130_fd_sc_hd__nand2_1        1  2.7    46    64    4233    (-,-) 
  add_406_27_Y_add_401_18_g1958/Y    -       A->Y      F     sky130_fd_sc_hd__nand2_1        4 10.0    80    86    4319    (-,-) 
  add_406_27_Y_add_401_18_g1955/X    -       A1->X     F     sky130_fd_sc_hd__a21o_1         2  7.0    52   187    4506    (-,-) 
  add_406_27_Y_add_401_18_g1952/Y    -       A->Y      R     sky130_fd_sc_hd__nand2_1        1  2.7    45    59    4566    (-,-) 
  add_406_27_Y_add_401_18_g1950/Y    -       A->Y      F     sky130_fd_sc_hd__nand2_1        3  7.6    63    74    4639    (-,-) 
  add_406_27_Y_add_401_18_g1948/Y    -       A->Y      R     sky130_fd_sc_hd__nand2_1        1  2.7    45    64    4703    (-,-) 
  add_406_27_Y_add_401_18_g1946/Y    -       A->Y      F     sky130_fd_sc_hd__nand2_1        5 12.6    97    99    4802    (-,-) 
  add_406_27_Y_add_401_18_g1944/Y    -       A->Y      R     sky130_fd_sc_hd__nand3_1        1  2.7    59    87    4889    (-,-) 
  add_406_27_Y_add_401_18_g1942/Y    -       A->Y      F     sky130_fd_sc_hd__nand2_1        5 11.9    93   100    4990    (-,-) 
  add_406_27_Y_add_401_18_g1933/Y    -       A->Y      R     sky130_fd_sc_hd__nand3_1        1  2.7    61    86    5075    (-,-) 
  add_406_27_Y_add_401_18_g1930/Y    -       A->Y      F     sky130_fd_sc_hd__nand3_1        5 12.5   141   136    5212    (-,-) 
  add_406_27_Y_add_401_18_g1921/Y    -       A1->Y     R     sky130_fd_sc_hd__a31oi_1        4 10.0   278   269    5481    (-,-) 
  add_406_27_Y_add_401_18_g1914/X    -       B->X      R     sky130_fd_sc_hd__or2_2          2  5.5    47   176    5658    (-,-) 
  add_406_27_Y_add_401_18_g1907/X    -       A2->X     R     sky130_fd_sc_hd__o21a_1         4 11.1   116   158    5816    (-,-) 
  add_406_27_Y_add_401_18_g1903/Y    -       C->Y      F     sky130_fd_sc_hd__nor3_1         1  2.5    53    59    5875    (-,-) 
  add_406_27_Y_add_401_18_g1899/Y    -       B->Y      R     sky130_fd_sc_hd__nor2_1         3  8.4   172   158    6033    (-,-) 
  add_406_27_Y_add_401_18_g1896/Y    -       A2->Y     F     sky130_fd_sc_hd__o21ai_1        3  8.2    85   117    6150    (-,-) 
  add_406_27_Y_add_401_18_g1894/Y    -       A->Y      R     sky130_fd_sc_hd__clkinv_1       1  2.9    34    60    6210    (-,-) 
  add_406_27_Y_add_401_18_g1892/Y    -       A2->Y     F     sky130_fd_sc_hd__o21ai_1        1  4.8    60    64    6274    (-,-) 
  add_406_27_Y_add_401_18_g1891/COUT -       CIN->COUT F     sky130_fd_sc_hd__fa_1           1  4.8    82   384    6658    (-,-) 
  add_406_27_Y_add_401_18_g1890/COUT -       CIN->COUT F     sky130_fd_sc_hd__fa_1           1  4.8    82   391    7049    (-,-) 
  add_406_27_Y_add_401_18_g1889/COUT -       CIN->COUT F     sky130_fd_sc_hd__fa_1           2  5.1    84   394    7443    (-,-) 
  add_406_27_Y_add_401_18_g1888/Y    -       A2_N->Y   F     sky130_fd_sc_hd__o2bb2ai_1      1  2.4    49   133    7575    (-,-) 
  g47386/Y                           -       C1->Y     R     sky130_fd_sc_hd__a222oi_1       1  2.7   264   211    7786    (-,-) 
  g47327/Y                           -       A->Y      F     sky130_fd_sc_hd__inv_1          1  2.2    55    67    7854    (-,-) 
  u_pc_unit_pc_reg[31]/D             <<<     -         F     sky130_fd_sc_hd__dfrtp_1        1    -     -     4    7857    (-,-) 
#--------------------------------------------------------------------------------------------------------------------------------

