============================================================
  Generated by:           Genus(TM) Synthesis Solution 25.13-s071_1
  Generated on:           Sep 28 2026  06:24:53 pm
  Operating conditions:   _nominal_ (balanced_tree)
  Wireload mode:          top
  Area mode:              timing library
============================================================

                                                                              
           Gate             Instances    Area              Library            
------------------------------------------------------------------------------
sky130_fd_sc_hd__a2111oi_0          4    35.034 sky130_fd_sc_hd__tt_025C_1v80 
sky130_fd_sc_hd__a211o_1            5    43.792 sky130_fd_sc_hd__tt_025C_1v80 
sky130_fd_sc_hd__a211o_2            1    10.010 sky130_fd_sc_hd__tt_025C_1v80 
sky130_fd_sc_hd__a211oi_1          17   127.622 sky130_fd_sc_hd__tt_025C_1v80 
sky130_fd_sc_hd__a21bo_2            2    20.019 sky130_fd_sc_hd__tt_025C_1v80 
sky130_fd_sc_hd__a21boi_0           1     7.507 sky130_fd_sc_hd__tt_025C_1v80 
sky130_fd_sc_hd__a21boi_1           7    52.550 sky130_fd_sc_hd__tt_025C_1v80 
sky130_fd_sc_hd__a21o_1            28   210.202 sky130_fd_sc_hd__tt_025C_1v80 
sky130_fd_sc_hd__a21oi_1          185   925.888 sky130_fd_sc_hd__tt_025C_1v80 
sky130_fd_sc_hd__a21oi_2            1     8.758 sky130_fd_sc_hd__tt_025C_1v80 
sky130_fd_sc_hd__a221o_1           30   300.288 sky130_fd_sc_hd__tt_025C_1v80 
sky130_fd_sc_hd__a221oi_1          45   394.128 sky130_fd_sc_hd__tt_025C_1v80 
sky130_fd_sc_hd__a222oi_1          97   970.931 sky130_fd_sc_hd__tt_025C_1v80 
sky130_fd_sc_hd__a22o_1           135  1182.384 sky130_fd_sc_hd__tt_025C_1v80 
sky130_fd_sc_hd__a22o_2             1    10.010 sky130_fd_sc_hd__tt_025C_1v80 
sky130_fd_sc_hd__a22oi_1         1052  7897.574 sky130_fd_sc_hd__tt_025C_1v80 
sky130_fd_sc_hd__a22oi_2            5    62.560 sky130_fd_sc_hd__tt_025C_1v80 
sky130_fd_sc_hd__a2bb2oi_1         24   210.202 sky130_fd_sc_hd__tt_025C_1v80 
sky130_fd_sc_hd__a31o_1             3    26.275 sky130_fd_sc_hd__tt_025C_1v80 
sky130_fd_sc_hd__a31oi_1           30   187.680 sky130_fd_sc_hd__tt_025C_1v80 
sky130_fd_sc_hd__a32o_1             1    10.010 sky130_fd_sc_hd__tt_025C_1v80 
sky130_fd_sc_hd__a32oi_1            1     8.758 sky130_fd_sc_hd__tt_025C_1v80 
sky130_fd_sc_hd__and2_0             2    12.512 sky130_fd_sc_hd__tt_025C_1v80 
sky130_fd_sc_hd__and2_1            39   243.984 sky130_fd_sc_hd__tt_025C_1v80 
sky130_fd_sc_hd__and2_2             1     7.507 sky130_fd_sc_hd__tt_025C_1v80 
sky130_fd_sc_hd__and2_4             6    52.550 sky130_fd_sc_hd__tt_025C_1v80 
sky130_fd_sc_hd__and2b_1            4    30.029 sky130_fd_sc_hd__tt_025C_1v80 
sky130_fd_sc_hd__and2b_4            1    10.010 sky130_fd_sc_hd__tt_025C_1v80 
sky130_fd_sc_hd__and3_1            11    68.816 sky130_fd_sc_hd__tt_025C_1v80 
sky130_fd_sc_hd__and3b_1            1     8.758 sky130_fd_sc_hd__tt_025C_1v80 
sky130_fd_sc_hd__and4_1             1     8.758 sky130_fd_sc_hd__tt_025C_1v80 
sky130_fd_sc_hd__and4b_1            8    80.077 sky130_fd_sc_hd__tt_025C_1v80 
sky130_fd_sc_hd__buf_1              1     3.754 sky130_fd_sc_hd__tt_025C_1v80 
sky130_fd_sc_hd__buf_12             1    20.019 sky130_fd_sc_hd__tt_025C_1v80 
sky130_fd_sc_hd__buf_2              1     5.005 sky130_fd_sc_hd__tt_025C_1v80 
sky130_fd_sc_hd__clkbuf_2           1     5.005 sky130_fd_sc_hd__tt_025C_1v80 
sky130_fd_sc_hd__clkinv_1          24    90.086 sky130_fd_sc_hd__tt_025C_1v80 
sky130_fd_sc_hd__clkinv_2           2    10.010 sky130_fd_sc_hd__tt_025C_1v80 
sky130_fd_sc_hd__clkinv_4           1     8.758 sky130_fd_sc_hd__tt_025C_1v80 
sky130_fd_sc_hd__dfrbp_1           35  1007.216 sky130_fd_sc_hd__tt_025C_1v80 
sky130_fd_sc_hd__dfrbp_2            1    30.029 sky130_fd_sc_hd__tt_025C_1v80 
sky130_fd_sc_hd__dfrtp_1          492 12311.808 sky130_fd_sc_hd__tt_025C_1v80 
sky130_fd_sc_hd__dfsbp_1            1    28.778 sky130_fd_sc_hd__tt_025C_1v80 
sky130_fd_sc_hd__dfstp_2            2    52.550 sky130_fd_sc_hd__tt_025C_1v80 
sky130_fd_sc_hd__fa_1               2    40.038 sky130_fd_sc_hd__tt_025C_1v80 
sky130_fd_sc_hd__ha_1               5    62.560 sky130_fd_sc_hd__tt_025C_1v80 
sky130_fd_sc_hd__inv_1             90   337.824 sky130_fd_sc_hd__tt_025C_1v80 
sky130_fd_sc_hd__inv_12             1    16.266 sky130_fd_sc_hd__tt_025C_1v80 
sky130_fd_sc_hd__inv_2            143   536.765 sky130_fd_sc_hd__tt_025C_1v80 
sky130_fd_sc_hd__inv_4              8    50.048 sky130_fd_sc_hd__tt_025C_1v80 
sky130_fd_sc_hd__inv_6              1     8.758 sky130_fd_sc_hd__tt_025C_1v80 
sky130_fd_sc_hd__mux2i_1            1    10.010 sky130_fd_sc_hd__tt_025C_1v80 
sky130_fd_sc_hd__mux2i_2            1    13.763 sky130_fd_sc_hd__tt_025C_1v80 
sky130_fd_sc_hd__nand2_1          570  2139.552 sky130_fd_sc_hd__tt_025C_1v80 
sky130_fd_sc_hd__nand2_2            2    12.512 sky130_fd_sc_hd__tt_025C_1v80 
sky130_fd_sc_hd__nand2b_1         115   719.440 sky130_fd_sc_hd__tt_025C_1v80 
sky130_fd_sc_hd__nand2b_4           1    13.763 sky130_fd_sc_hd__tt_025C_1v80 
sky130_fd_sc_hd__nand3_1          112   560.538 sky130_fd_sc_hd__tt_025C_1v80 
sky130_fd_sc_hd__nand3_2            1    10.010 sky130_fd_sc_hd__tt_025C_1v80 
sky130_fd_sc_hd__nand3b_1           8    60.058 sky130_fd_sc_hd__tt_025C_1v80 
sky130_fd_sc_hd__nand4_1          205  1282.480 sky130_fd_sc_hd__tt_025C_1v80 
sky130_fd_sc_hd__nand4b_1           6    52.550 sky130_fd_sc_hd__tt_025C_1v80 
sky130_fd_sc_hd__nor2_1           487  1828.003 sky130_fd_sc_hd__tt_025C_1v80 
sky130_fd_sc_hd__nor2_2            16   100.096 sky130_fd_sc_hd__tt_025C_1v80 
sky130_fd_sc_hd__nor2b_1          181  1132.336 sky130_fd_sc_hd__tt_025C_1v80 
sky130_fd_sc_hd__nor3_1            25   125.120 sky130_fd_sc_hd__tt_025C_1v80 
sky130_fd_sc_hd__nor3b_1            5    37.536 sky130_fd_sc_hd__tt_025C_1v80 
sky130_fd_sc_hd__nor4_1            32   200.192 sky130_fd_sc_hd__tt_025C_1v80 
sky130_fd_sc_hd__nor4b_1           13   113.859 sky130_fd_sc_hd__tt_025C_1v80 
sky130_fd_sc_hd__nor4bb_1           1    10.010 sky130_fd_sc_hd__tt_025C_1v80 
sky130_fd_sc_hd__o2111a_1           9   101.347 sky130_fd_sc_hd__tt_025C_1v80 
sky130_fd_sc_hd__o2111ai_1          8    70.067 sky130_fd_sc_hd__tt_025C_1v80 
sky130_fd_sc_hd__o211a_1            3    30.029 sky130_fd_sc_hd__tt_025C_1v80 
sky130_fd_sc_hd__o211ai_1          14   105.101 sky130_fd_sc_hd__tt_025C_1v80 
sky130_fd_sc_hd__o21a_1            18   135.130 sky130_fd_sc_hd__tt_025C_1v80 
sky130_fd_sc_hd__o21ai_0            9    45.043 sky130_fd_sc_hd__tt_025C_1v80 
sky130_fd_sc_hd__o21ai_1          124   620.595 sky130_fd_sc_hd__tt_025C_1v80 
sky130_fd_sc_hd__o21ai_2            1     8.758 sky130_fd_sc_hd__tt_025C_1v80 
sky130_fd_sc_hd__o21bai_1          12    90.086 sky130_fd_sc_hd__tt_025C_1v80 
sky130_fd_sc_hd__o221a_1            2    22.522 sky130_fd_sc_hd__tt_025C_1v80 
sky130_fd_sc_hd__o221ai_1          54   472.954 sky130_fd_sc_hd__tt_025C_1v80 
sky130_fd_sc_hd__o22a_1             3    26.275 sky130_fd_sc_hd__tt_025C_1v80 
sky130_fd_sc_hd__o22ai_1          101   631.856 sky130_fd_sc_hd__tt_025C_1v80 
sky130_fd_sc_hd__o2bb2a_2           1    11.261 sky130_fd_sc_hd__tt_025C_1v80 
sky130_fd_sc_hd__o2bb2ai_1        128  1121.075 sky130_fd_sc_hd__tt_025C_1v80 
sky130_fd_sc_hd__o31ai_1            1     7.507 sky130_fd_sc_hd__tt_025C_1v80 
sky130_fd_sc_hd__o32a_1             2    20.019 sky130_fd_sc_hd__tt_025C_1v80 
sky130_fd_sc_hd__or2_1             13    81.328 sky130_fd_sc_hd__tt_025C_1v80 
sky130_fd_sc_hd__or2_2              6    37.536 sky130_fd_sc_hd__tt_025C_1v80 
sky130_fd_sc_hd__or2b_4             3    33.782 sky130_fd_sc_hd__tt_025C_1v80 
sky130_fd_sc_hd__or3_1              6    37.536 sky130_fd_sc_hd__tt_025C_1v80 
sky130_fd_sc_hd__or4_1             66   495.475 sky130_fd_sc_hd__tt_025C_1v80 
sky130_fd_sc_hd__or4b_2             1    10.010 sky130_fd_sc_hd__tt_025C_1v80 
sky130_fd_sc_hd__or4bb_1            1    11.261 sky130_fd_sc_hd__tt_025C_1v80 
sky130_fd_sc_hd__sdfrtp_1         992 31029.761 sky130_fd_sc_hd__tt_025C_1v80 
sky130_fd_sc_hd__xnor2_1           30   262.752 sky130_fd_sc_hd__tt_025C_1v80 
sky130_fd_sc_hd__xor2_1            20   175.168 sky130_fd_sc_hd__tt_025C_1v80 
------------------------------------------------------------------------------
total                            5971 71966.523                               
                                          
     Type      Instances    Area   Area % 
------------------------------------------
sequential          1523 44460.142   61.8 
inverter             270  1058.515    1.5 
buffer                 4    33.782    0.0 
logic               4174 26414.083   36.7 
physical_cells         0     0.000    0.0 
------------------------------------------
total               5971 71966.523  100.0 
