============================================================
  Generated by:           Genus(TM) Synthesis Solution 25.13-s071_1
  Generated on:           Sep 28 2026  06:24:53 pm
  Module:                 riscv_core_top
  Operating conditions:   _nominal_ (balanced_tree)
  Wireload mode:          top
  Area mode:              timing library
============================================================

Timing
--------

Clock Period 
-------------
clk   4000.0 


  Cost    Critical         Violating 
 Group   Path Slack  TNS     Paths   
-------------------------------------
clk             2.0   0.0          0 
default    No paths   0.0            
-------------------------------------
Total                 0.0          0 

Instance Count
--------------
Leaf Instance Count             5971 
Physical Instance count            0 
Sequential Instance Count       1523 
Combinational Instance Count    4448 
Hierarchical Instance Count        0 

Area
----
Cell Area                          71966.523
Physical Cell Area                 0.000
Total Cell Area (Cell+Physical)    71966.523
Net Area                           0.000
Total Area (Cell+Physical+Net)     71966.523

Max Fanout                         1523 (clk)
Min Fanout                         0 (rst_n)
Average Fanout                     3.1
Terms to net ratio                 4.3287
Terms to instance ratio            4.4085
Runtime                            404.65179199999994 seconds
Elapsed Runtime                    411 seconds
Genus peak memory usage            2998.40 
Innovus peak memory usage          no_value 
Hostname                           linuxe4.engr.colostate.edu
