============================================================
  Generated by:           Genus(TM) Synthesis Solution 25.13-s071_1
  Generated on:           Sep 28 2026  06:24:52 pm
  Module:                 riscv_core_top
  Operating conditions:   _nominal_ (balanced_tree)
  Wireload mode:          top
  Area mode:              timing library
============================================================


Path 1: MET (2 ps) Setup Check with Pin u_ex_mem_alu_result_out_reg[17]/CLK->D
          Group: clk
     Startpoint: (R) u_ex_mem_rd_out_reg[0]/CLK
          Clock: (R) clk
       Endpoint: (F) u_ex_mem_alu_result_out_reg[17]/D
          Clock: (R) clk

                     Capture       Launch     
        Clock Edge:+    4000            0     
       Src Latency:+       0            0     
       Net Latency:+       0 (I)        0 (I) 
           Arrival:=    4000            0     
                                              
             Setup:-     139                  
     Required Time:=    3861                  
      Launch Clock:-       0                  
         Data Path:-    3859                  
             Slack:=       2                  

#---------------------------------------------------------------------------------------------------------------------------
#           Timing Point            Flags    Arc   Edge           Cell             Fanout Load Trans Delay Arrival Instance 
#                                                                                         (fF)  (ps)  (ps)   (ps)  Location 
#---------------------------------------------------------------------------------------------------------------------------
  u_ex_mem_rd_out_reg[0]/CLK        -       -      R     (arrival)                   1523    -     0     0       0    (-,-) 
  u_ex_mem_rd_out_reg[0]/Q          -       CLK->Q F     sky130_fd_sc_hd__dfrbp_1       4  9.4    88   428     428    (-,-) 
  g51474/Y                          -       B->Y   R     sky130_fd_sc_hd__nor2_1        1  2.7    80   100     528    (-,-) 
  g51313/Y                          -       A->Y   F     sky130_fd_sc_hd__nand4_1       1  2.6    67    80     608    (-,-) 
  g51297/Y                          -       A->Y   R     sky130_fd_sc_hd__nand3_1       2  5.4    85    94     702    (-,-) 
  g51258/Y                          -       B->Y   F     sky130_fd_sc_hd__nor2_1        1  2.6    29    48     749    (-,-) 
  g51229/Y                          -       A->Y   R     sky130_fd_sc_hd__nand2_1       4 13.1   134   116     866    (-,-) 
  g51216/X                          -       A->X   R     sky130_fd_sc_hd__or2b_4        9 29.9   102   193    1058    (-,-) 
  g51212/Y                          -       A->Y   F     sky130_fd_sc_hd__inv_4        24 57.4    77   104    1162    (-,-) 
  g51091/Y                          -       A1->Y  R     sky130_fd_sc_hd__a22oi_1       1  2.7   146   172    1334    (-,-) 
  g50838/Y                          -       B->Y   F     sky130_fd_sc_hd__nand2_1       5 13.4   108   138    1471    (-,-) 
  g59112/Y                          -       A0->Y  R     sky130_fd_sc_hd__mux2i_2       8 22.5   373   342    1814    (-,-) 
  g58390/Y                          -       B->Y   F     sky130_fd_sc_hd__nand2_1       2  5.0    87   121    1935    (-,-) 
  g57708/Y                          -       B->Y   R     sky130_fd_sc_hd__nand2b_1      1  2.3    50    83    2018    (-,-) 
  g57664/Y                          -       B1->Y  F     sky130_fd_sc_hd__o21ai_1       1  2.4    75    59    2076    (-,-) 
  g56490/Y                          -       B1->Y  R     sky130_fd_sc_hd__a31oi_1       4 13.3   349   304    2381    (-,-) 
  g56326/Y                          -       B->Y   F     sky130_fd_sc_hd__nor2_1        2  5.0    84    97    2478    (-,-) 
  g56194/Y                          -       A->Y   R     sky130_fd_sc_hd__nand2_1       1  2.7    44    72    2550    (-,-) 
  g56153/Y                          -       A->Y   F     sky130_fd_sc_hd__nand2_1       9 21.7   167   145    2695    (-,-) 
  g56013/Y                          -       A->Y   R     sky130_fd_sc_hd__nand3_1       1  2.7    68   112    2806    (-,-) 
  g55961/Y                          -       A->Y   F     sky130_fd_sc_hd__nand2_1      15 37.7   266   234    3040    (-,-) 
  g55898/Y                          -       A1->Y  R     sky130_fd_sc_hd__a21oi_1       1  4.8   146   234    3274    (-,-) 
  g55861/X                          -       B->X   R     sky130_fd_sc_hd__xor2_1        1  2.7   112   161    3435    (-,-) 
  g55820/Y                          -       B2->Y  F     sky130_fd_sc_hd__o221ai_1      1  2.4    97   112    3547    (-,-) 
  g55761/Y                          -       C1->Y  R     sky130_fd_sc_hd__a221oi_1      1  2.3   213   212    3759    (-,-) 
  g55743/Y                          -       B1->Y  F     sky130_fd_sc_hd__o21ai_1       1  2.2    78    96    3855    (-,-) 
  u_ex_mem_alu_result_out_reg[17]/D <<<     -      F     sky130_fd_sc_hd__dfrtp_1       1    -     -     4    3859    (-,-) 
#---------------------------------------------------------------------------------------------------------------------------

