============================================================
  Generated by:           Genus(TM) Synthesis Solution 25.13-s071_1
  Generated on:           Sep 28 2026  06:15:10 pm
  Operating conditions:   _nominal_ (balanced_tree)
  Wireload mode:          top
  Area mode:              timing library
============================================================

                                                                              
           Gate             Instances    Area              Library            
------------------------------------------------------------------------------
sky130_fd_sc_hd__a2111o_1           2    22.522 sky130_fd_sc_hd__tt_025C_1v80 
sky130_fd_sc_hd__a2111oi_0          1     8.758 sky130_fd_sc_hd__tt_025C_1v80 
sky130_fd_sc_hd__a211o_1            5    43.792 sky130_fd_sc_hd__tt_025C_1v80 
sky130_fd_sc_hd__a211oi_1           6    45.043 sky130_fd_sc_hd__tt_025C_1v80 
sky130_fd_sc_hd__a21boi_1          11    82.579 sky130_fd_sc_hd__tt_025C_1v80 
sky130_fd_sc_hd__a21o_1            50   375.360 sky130_fd_sc_hd__tt_025C_1v80 
sky130_fd_sc_hd__a21oi_1           79   395.379 sky130_fd_sc_hd__tt_025C_1v80 
sky130_fd_sc_hd__a21oi_2            1     8.758 sky130_fd_sc_hd__tt_025C_1v80 
sky130_fd_sc_hd__a221o_1           40   400.384 sky130_fd_sc_hd__tt_025C_1v80 
sky130_fd_sc_hd__a221oi_1          27   236.477 sky130_fd_sc_hd__tt_025C_1v80 
sky130_fd_sc_hd__a222oi_1         136  1361.306 sky130_fd_sc_hd__tt_025C_1v80 
sky130_fd_sc_hd__a22o_1           159  1392.586 sky130_fd_sc_hd__tt_025C_1v80 
sky130_fd_sc_hd__a22oi_1         1081  8115.283 sky130_fd_sc_hd__tt_025C_1v80 
sky130_fd_sc_hd__a2bb2oi_1          8    70.067 sky130_fd_sc_hd__tt_025C_1v80 
sky130_fd_sc_hd__a311o_1            2    20.019 sky130_fd_sc_hd__tt_025C_1v80 
sky130_fd_sc_hd__a311oi_1           3    26.275 sky130_fd_sc_hd__tt_025C_1v80 
sky130_fd_sc_hd__a31o_1             1     8.758 sky130_fd_sc_hd__tt_025C_1v80 
sky130_fd_sc_hd__a31oi_1           12    75.072 sky130_fd_sc_hd__tt_025C_1v80 
sky130_fd_sc_hd__a31oi_2            1    12.512 sky130_fd_sc_hd__tt_025C_1v80 
sky130_fd_sc_hd__a32o_1             1    10.010 sky130_fd_sc_hd__tt_025C_1v80 
sky130_fd_sc_hd__a32oi_1            1     8.758 sky130_fd_sc_hd__tt_025C_1v80 
sky130_fd_sc_hd__and2_0            11    68.816 sky130_fd_sc_hd__tt_025C_1v80 
sky130_fd_sc_hd__and2_1            16   100.096 sky130_fd_sc_hd__tt_025C_1v80 
sky130_fd_sc_hd__and2_4             2    17.517 sky130_fd_sc_hd__tt_025C_1v80 
sky130_fd_sc_hd__and2b_1            1     7.507 sky130_fd_sc_hd__tt_025C_1v80 
sky130_fd_sc_hd__and2b_4            1    10.010 sky130_fd_sc_hd__tt_025C_1v80 
sky130_fd_sc_hd__and3_1             7    43.792 sky130_fd_sc_hd__tt_025C_1v80 
sky130_fd_sc_hd__and3_2             1     7.507 sky130_fd_sc_hd__tt_025C_1v80 
sky130_fd_sc_hd__and3b_1            3    26.275 sky130_fd_sc_hd__tt_025C_1v80 
sky130_fd_sc_hd__and4_1             6    52.550 sky130_fd_sc_hd__tt_025C_1v80 
sky130_fd_sc_hd__and4b_1            3    30.029 sky130_fd_sc_hd__tt_025C_1v80 
sky130_fd_sc_hd__buf_2              2    10.010 sky130_fd_sc_hd__tt_025C_1v80 
sky130_fd_sc_hd__clkinv_1          31   116.362 sky130_fd_sc_hd__tt_025C_1v80 
sky130_fd_sc_hd__dfrbp_1           45  1294.992 sky130_fd_sc_hd__tt_025C_1v80 
sky130_fd_sc_hd__dfrtp_1          482 12061.568 sky130_fd_sc_hd__tt_025C_1v80 
sky130_fd_sc_hd__dfrtp_2            1    26.275 sky130_fd_sc_hd__tt_025C_1v80 
sky130_fd_sc_hd__dfstp_2            3    78.826 sky130_fd_sc_hd__tt_025C_1v80 
sky130_fd_sc_hd__fa_1               5   100.096 sky130_fd_sc_hd__tt_025C_1v80 
sky130_fd_sc_hd__ha_1               6    75.072 sky130_fd_sc_hd__tt_025C_1v80 
sky130_fd_sc_hd__inv_1             68   255.245 sky130_fd_sc_hd__tt_025C_1v80 
sky130_fd_sc_hd__inv_12             1    16.266 sky130_fd_sc_hd__tt_025C_1v80 
sky130_fd_sc_hd__inv_2            111   416.650 sky130_fd_sc_hd__tt_025C_1v80 
sky130_fd_sc_hd__inv_4              3    18.768 sky130_fd_sc_hd__tt_025C_1v80 
sky130_fd_sc_hd__inv_6              1     8.758 sky130_fd_sc_hd__tt_025C_1v80 
sky130_fd_sc_hd__mux2_4             2    30.029 sky130_fd_sc_hd__tt_025C_1v80 
sky130_fd_sc_hd__mux2i_1            1    10.010 sky130_fd_sc_hd__tt_025C_1v80 
sky130_fd_sc_hd__nand2_1          578  2169.581 sky130_fd_sc_hd__tt_025C_1v80 
sky130_fd_sc_hd__nand2_2            4    25.024 sky130_fd_sc_hd__tt_025C_1v80 
sky130_fd_sc_hd__nand2b_1          99   619.344 sky130_fd_sc_hd__tt_025C_1v80 
sky130_fd_sc_hd__nand2b_4           1    13.763 sky130_fd_sc_hd__tt_025C_1v80 
sky130_fd_sc_hd__nand3_1          107   535.514 sky130_fd_sc_hd__tt_025C_1v80 
sky130_fd_sc_hd__nand3b_1           7    52.550 sky130_fd_sc_hd__tt_025C_1v80 
sky130_fd_sc_hd__nand4_1          237  1482.672 sky130_fd_sc_hd__tt_025C_1v80 
sky130_fd_sc_hd__nand4b_1           4    35.034 sky130_fd_sc_hd__tt_025C_1v80 
sky130_fd_sc_hd__nand4bb_1          2    22.522 sky130_fd_sc_hd__tt_025C_1v80 
sky130_fd_sc_hd__nor2_1           343  1287.485 sky130_fd_sc_hd__tt_025C_1v80 
sky130_fd_sc_hd__nor2_2             6    37.536 sky130_fd_sc_hd__tt_025C_1v80 
sky130_fd_sc_hd__nor2b_1          138   863.328 sky130_fd_sc_hd__tt_025C_1v80 
sky130_fd_sc_hd__nor3_1             8    40.038 sky130_fd_sc_hd__tt_025C_1v80 
sky130_fd_sc_hd__nor3b_1            4    30.029 sky130_fd_sc_hd__tt_025C_1v80 
sky130_fd_sc_hd__nor4_1             6    37.536 sky130_fd_sc_hd__tt_025C_1v80 
sky130_fd_sc_hd__nor4b_1            2    17.517 sky130_fd_sc_hd__tt_025C_1v80 
sky130_fd_sc_hd__nor4bb_1           1    10.010 sky130_fd_sc_hd__tt_025C_1v80 
sky130_fd_sc_hd__o2111ai_1         20   175.168 sky130_fd_sc_hd__tt_025C_1v80 
sky130_fd_sc_hd__o211a_1            1    10.010 sky130_fd_sc_hd__tt_025C_1v80 
sky130_fd_sc_hd__o211ai_1          24   180.173 sky130_fd_sc_hd__tt_025C_1v80 
sky130_fd_sc_hd__o211ai_2           1    12.512 sky130_fd_sc_hd__tt_025C_1v80 
sky130_fd_sc_hd__o21a_1            17   127.622 sky130_fd_sc_hd__tt_025C_1v80 
sky130_fd_sc_hd__o21ai_0            7    35.034 sky130_fd_sc_hd__tt_025C_1v80 
sky130_fd_sc_hd__o21ai_1          121   605.581 sky130_fd_sc_hd__tt_025C_1v80 
sky130_fd_sc_hd__o21ai_2            2    17.517 sky130_fd_sc_hd__tt_025C_1v80 
sky130_fd_sc_hd__o21bai_1           7    52.550 sky130_fd_sc_hd__tt_025C_1v80 
sky130_fd_sc_hd__o221a_1            1    11.261 sky130_fd_sc_hd__tt_025C_1v80 
sky130_fd_sc_hd__o221a_2            1    11.261 sky130_fd_sc_hd__tt_025C_1v80 
sky130_fd_sc_hd__o221ai_1          67   586.813 sky130_fd_sc_hd__tt_025C_1v80 
sky130_fd_sc_hd__o22a_1             5    43.792 sky130_fd_sc_hd__tt_025C_1v80 
sky130_fd_sc_hd__o22ai_1           35   218.960 sky130_fd_sc_hd__tt_025C_1v80 
sky130_fd_sc_hd__o2bb2ai_1        142  1243.693 sky130_fd_sc_hd__tt_025C_1v80 
sky130_fd_sc_hd__o311a_1            1    10.010 sky130_fd_sc_hd__tt_025C_1v80 
sky130_fd_sc_hd__o31a_1             1     8.758 sky130_fd_sc_hd__tt_025C_1v80 
sky130_fd_sc_hd__o31ai_1            1     7.507 sky130_fd_sc_hd__tt_025C_1v80 
sky130_fd_sc_hd__o32ai_1            1     8.758 sky130_fd_sc_hd__tt_025C_1v80 
sky130_fd_sc_hd__o41ai_1            2    17.517 sky130_fd_sc_hd__tt_025C_1v80 
sky130_fd_sc_hd__or2_0              3    18.768 sky130_fd_sc_hd__tt_025C_1v80 
sky130_fd_sc_hd__or2_1             17   106.352 sky130_fd_sc_hd__tt_025C_1v80 
sky130_fd_sc_hd__or2_2              6    37.536 sky130_fd_sc_hd__tt_025C_1v80 
sky130_fd_sc_hd__or3_1              6    37.536 sky130_fd_sc_hd__tt_025C_1v80 
sky130_fd_sc_hd__or3b_1             2    17.517 sky130_fd_sc_hd__tt_025C_1v80 
sky130_fd_sc_hd__or3b_2             2    17.517 sky130_fd_sc_hd__tt_025C_1v80 
sky130_fd_sc_hd__or4_1             64   480.461 sky130_fd_sc_hd__tt_025C_1v80 
sky130_fd_sc_hd__or4b_1             1    10.010 sky130_fd_sc_hd__tt_025C_1v80 
sky130_fd_sc_hd__sdfrtp_1         992 31029.761 sky130_fd_sc_hd__tt_025C_1v80 
sky130_fd_sc_hd__xor2_1            18   157.651 sky130_fd_sc_hd__tt_025C_1v80 
------------------------------------------------------------------------------
total                            5555 70179.809                               
                                          
     Type      Instances    Area   Area % 
------------------------------------------
sequential          1523 44491.422   63.4 
inverter             215   832.048    1.2 
buffer                 2    10.010    0.0 
logic               3815 24846.330   35.4 
physical_cells         0     0.000    0.0 
------------------------------------------
total               5555 70179.809  100.0 
