============================================================
  Generated by:           Genus(TM) Synthesis Solution 25.13-s071_1
  Generated on:           Sep 28 2026  06:15:09 pm
  Module:                 riscv_core_top
  Operating conditions:   _nominal_ (balanced_tree)
  Wireload mode:          top
  Area mode:              timing library
============================================================

Timing
--------

Clock Period 
-------------
clk   5000.0 


  Cost    Critical         Violating 
 Group   Path Slack  TNS     Paths   
-------------------------------------
clk             4.6   0.0          0 
default    No paths   0.0            
-------------------------------------
Total                 0.0          0 

Instance Count
--------------
Leaf Instance Count             5555 
Physical Instance count            0 
Sequential Instance Count       1523 
Combinational Instance Count    4032 
Hierarchical Instance Count        0 

Area
----
Cell Area                          70179.809
Physical Cell Area                 0.000
Total Cell Area (Cell+Physical)    70179.809
Net Area                           0.000
Total Area (Cell+Physical+Net)     70179.809

Max Fanout                         1523 (clk)
Min Fanout                         0 (rst_n)
Average Fanout                     3.2
Terms to net ratio                 4.4303
Terms to instance ratio            4.5244
Runtime                            344.0310809999999 seconds
Elapsed Runtime                    346 seconds
Genus peak memory usage            2926.34 
Innovus peak memory usage          no_value 
Hostname                           linuxe4.engr.colostate.edu
