============================================================
  Generated by:           Genus(TM) Synthesis Solution 25.13-s071_1
  Generated on:           Sep 28 2026  06:15:09 pm
  Module:                 riscv_core_top
  Operating conditions:   _nominal_ (balanced_tree)
  Wireload mode:          top
  Area mode:              timing library
============================================================


Path 1: MET (5 ps) Setup Check with Pin u_ex_mem_alu_result_out_reg[31]/CLK->D
          Group: clk
     Startpoint: (R) u_mem_wb_ctrl_out_reg[wb_sel][0]/CLK
          Clock: (R) clk
       Endpoint: (F) u_ex_mem_alu_result_out_reg[31]/D
          Clock: (R) clk

                     Capture       Launch     
        Clock Edge:+    5000            0     
       Src Latency:+       0            0     
       Net Latency:+       0 (I)        0 (I) 
           Arrival:=    5000            0     
                                              
             Setup:-     127                  
     Required Time:=    4873                  
      Launch Clock:-       0                  
         Data Path:-    4868                  
             Slack:=       5                  

#------------------------------------------------------------------------------------------------------------------------------------------
#                Timing Point                  Flags     Arc     Edge            Cell             Fanout Load Trans Delay Arrival Instance 
#                                                                                                        (fF)  (ps)  (ps)   (ps)  Location 
#------------------------------------------------------------------------------------------------------------------------------------------
  u_mem_wb_ctrl_out_reg[wb_sel][0]/CLK         -       -         R     (arrival)                    1523    -     0     0       0    (-,-) 
  u_mem_wb_ctrl_out_reg[wb_sel][0]/Q           -       CLK->Q    R     sky130_fd_sc_hd__dfrtp_1        2  7.6    84   331     331    (-,-) 
  g40589/Y                                     -       A->Y      F     sky130_fd_sc_hd__inv_2          1  2.6    21    37     368    (-,-) 
  g40567/Y                                     -       A->Y      R     sky130_fd_sc_hd__nand2_1        2  7.7    87    79     447    (-,-) 
  g40549/Y                                     -       A->Y      F     sky130_fd_sc_hd__inv_2         32 72.5   160   163     610    (-,-) 
  g40195/Y                                     -       A2->Y     R     sky130_fd_sc_hd__a222oi_1       2  7.5   399   467    1077    (-,-) 
  g40188/Y                                     -       A->Y      F     sky130_fd_sc_hd__inv_2         34 62.1   190   243    1320    (-,-) 
  g40146/X                                     -       A2->X     F     sky130_fd_sc_hd__a21o_1         4  9.9    65   261    1581    (-,-) 
  g40078/Y                                     -       A->Y      R     sky130_fd_sc_hd__nand2_1        1  4.8   118    78    1659    (-,-) 
  g40019/Y                                     -       B1->Y     F     sky130_fd_sc_hd__o21ai_2       10 25.9   199   139    1798    (-,-) 
  u_alu_sub_16_37_Y_u_alu_add_14_37_g2368/Y    -       A2->Y     R     sky130_fd_sc_hd__o21ai_1        1  2.7   137   173    1971    (-,-) 
  u_alu_sub_16_37_Y_u_alu_add_14_37_g2334/Y    -       A->Y      F     sky130_fd_sc_hd__nand2_1        3  7.5    74   102    2073    (-,-) 
  u_alu_sub_16_37_Y_u_alu_add_14_37_g2278/Y    -       A->Y      R     sky130_fd_sc_hd__nand2_1        1  2.7    44    68    2141    (-,-) 
  u_alu_sub_16_37_Y_u_alu_add_14_37_g2276/Y    -       A->Y      F     sky130_fd_sc_hd__nand2_1        3  7.6    64    73    2214    (-,-) 
  u_alu_sub_16_37_Y_u_alu_add_14_37_g2272/Y    -       A->Y      R     sky130_fd_sc_hd__nand2_1        1  2.7    44    64    2278    (-,-) 
  u_alu_sub_16_37_Y_u_alu_add_14_37_g2270/Y    -       A->Y      F     sky130_fd_sc_hd__nand2_1        3  7.6    64    73    2352    (-,-) 
  u_alu_sub_16_37_Y_u_alu_add_14_37_g2269/Y    -       A->Y      R     sky130_fd_sc_hd__nand2_1        1  2.7    45    64    2416    (-,-) 
  u_alu_sub_16_37_Y_u_alu_add_14_37_g2267/Y    -       A->Y      F     sky130_fd_sc_hd__nand2_1        3  8.2    68    77    2492    (-,-) 
  u_alu_sub_16_37_Y_u_alu_add_14_37_g2265/Y    -       A->Y      R     sky130_fd_sc_hd__nand3_1        1  2.7    59    75    2567    (-,-) 
  u_alu_sub_16_37_Y_u_alu_add_14_37_g2263/Y    -       A->Y      F     sky130_fd_sc_hd__nand2_1        4  9.2    76    87    2654    (-,-) 
  u_alu_sub_16_37_Y_u_alu_add_14_37_g2260/Y    -       A->Y      R     sky130_fd_sc_hd__nand2_1        1  2.7    45    69    2722    (-,-) 
  u_alu_sub_16_37_Y_u_alu_add_14_37_g2255/Y    -       A->Y      F     sky130_fd_sc_hd__nand2_1        5 11.9    93    96    2818    (-,-) 
  u_alu_sub_16_37_Y_u_alu_add_14_37_g2246/Y    -       A->Y      R     sky130_fd_sc_hd__nand3_1        1  2.7    61    86    2904    (-,-) 
  u_alu_sub_16_37_Y_u_alu_add_14_37_g2242/Y    -       A->Y      F     sky130_fd_sc_hd__nand3_1        2  5.7    79    89    2992    (-,-) 
  u_alu_sub_16_37_Y_u_alu_add_14_37_g2236/Y    -       A->Y      R     sky130_fd_sc_hd__nand2_1        1  2.7    44    70    3062    (-,-) 
  u_alu_sub_16_37_Y_u_alu_add_14_37_g2234/Y    -       A->Y      F     sky130_fd_sc_hd__nand2_1        4 11.2    88    92    3154    (-,-) 
  u_alu_sub_16_37_Y_u_alu_add_14_37_g2225/Y    -       A1->Y     R     sky130_fd_sc_hd__a21oi_2        4 10.0   157   189    3343    (-,-) 
  u_alu_sub_16_37_Y_u_alu_add_14_37_g2220/Y    -       A_N->Y    R     sky130_fd_sc_hd__nand2b_1       1  4.7    67   139    3482    (-,-) 
  u_alu_sub_16_37_Y_u_alu_add_14_37_g2214/Y    -       C1->Y     F     sky130_fd_sc_hd__o211ai_2       4 10.0    94   109    3591    (-,-) 
  u_alu_sub_16_37_Y_u_alu_add_14_37_g2206/Y    -       A1->Y     R     sky130_fd_sc_hd__a21oi_1        3  8.4   215   220    3810    (-,-) 
  u_alu_sub_16_37_Y_u_alu_add_14_37_g2203/Y    -       A2->Y     F     sky130_fd_sc_hd__o21ai_1        3  7.6    82   122    3933    (-,-) 
  u_alu_sub_16_37_Y_u_alu_add_14_37_g2201/Y    -       A->Y      R     sky130_fd_sc_hd__nand2_1        1  2.7    45    71    4004    (-,-) 
  u_alu_sub_16_37_Y_u_alu_add_14_37_g2199/Y    -       A->Y      F     sky130_fd_sc_hd__nand2_1        1  4.8    46    59    4063    (-,-) 
  u_alu_sub_16_37_Y_u_alu_add_14_37_g2198/COUT -       CIN->COUT F     sky130_fd_sc_hd__fa_1           2  5.1    84   382    4444    (-,-) 
  u_alu_sub_16_37_Y_u_alu_add_14_37_g2197/Y    -       A2_N->Y   F     sky130_fd_sc_hd__o2bb2ai_1      1  2.5    50   133    4578    (-,-) 
  g43768/X                                     -       B1->X     F     sky130_fd_sc_hd__a221o_1        1  2.2    50   287    4865    (-,-) 
  u_ex_mem_alu_result_out_reg[31]/D            <<<     -         F     sky130_fd_sc_hd__dfrtp_1        1    -     -     4    4868    (-,-) 
#------------------------------------------------------------------------------------------------------------------------------------------

