============================================================
  Generated by:           Genus(TM) Synthesis Solution 25.13-s071_1
  Generated on:           Sep 28 2026  05:46:22 pm
  Operating conditions:   _nominal_ (balanced_tree)
  Wireload mode:          top
  Area mode:              timing library
============================================================

                                                                              
           Gate             Instances    Area              Library            
------------------------------------------------------------------------------
sky130_fd_sc_hd__a2111o_1           1    11.261 sky130_fd_sc_hd__tt_025C_1v80 
sky130_fd_sc_hd__a2111oi_0          1     8.758 sky130_fd_sc_hd__tt_025C_1v80 
sky130_fd_sc_hd__a211o_1            4    35.034 sky130_fd_sc_hd__tt_025C_1v80 
sky130_fd_sc_hd__a211oi_1           6    45.043 sky130_fd_sc_hd__tt_025C_1v80 
sky130_fd_sc_hd__a21o_1            22   165.158 sky130_fd_sc_hd__tt_025C_1v80 
sky130_fd_sc_hd__a21oi_1           66   330.317 sky130_fd_sc_hd__tt_025C_1v80 
sky130_fd_sc_hd__a221o_1           33   330.317 sky130_fd_sc_hd__tt_025C_1v80 
sky130_fd_sc_hd__a221oi_1          35   306.544 sky130_fd_sc_hd__tt_025C_1v80 
sky130_fd_sc_hd__a222oi_1         166  1661.594 sky130_fd_sc_hd__tt_025C_1v80 
sky130_fd_sc_hd__a22o_1           269  2356.010 sky130_fd_sc_hd__tt_025C_1v80 
sky130_fd_sc_hd__a22oi_1          977  7334.534 sky130_fd_sc_hd__tt_025C_1v80 
sky130_fd_sc_hd__a2bb2oi_1         27   236.477 sky130_fd_sc_hd__tt_025C_1v80 
sky130_fd_sc_hd__a31oi_1            4    25.024 sky130_fd_sc_hd__tt_025C_1v80 
sky130_fd_sc_hd__a32oi_1            6    52.550 sky130_fd_sc_hd__tt_025C_1v80 
sky130_fd_sc_hd__and2_0            12    75.072 sky130_fd_sc_hd__tt_025C_1v80 
sky130_fd_sc_hd__and2_1            17   106.352 sky130_fd_sc_hd__tt_025C_1v80 
sky130_fd_sc_hd__and2_2             2    15.014 sky130_fd_sc_hd__tt_025C_1v80 
sky130_fd_sc_hd__and2_4             1     8.758 sky130_fd_sc_hd__tt_025C_1v80 
sky130_fd_sc_hd__and2b_4            1    10.010 sky130_fd_sc_hd__tt_025C_1v80 
sky130_fd_sc_hd__and3_1             1     6.256 sky130_fd_sc_hd__tt_025C_1v80 
sky130_fd_sc_hd__and3b_2            1    10.010 sky130_fd_sc_hd__tt_025C_1v80 
sky130_fd_sc_hd__and4b_1            2    20.019 sky130_fd_sc_hd__tt_025C_1v80 
sky130_fd_sc_hd__buf_2              1     5.005 sky130_fd_sc_hd__tt_025C_1v80 
sky130_fd_sc_hd__clkinv_1          19    71.318 sky130_fd_sc_hd__tt_025C_1v80 
sky130_fd_sc_hd__dfrbp_1           39  1122.326 sky130_fd_sc_hd__tt_025C_1v80 
sky130_fd_sc_hd__dfrtp_1          488 12211.712 sky130_fd_sc_hd__tt_025C_1v80 
sky130_fd_sc_hd__dfstp_2            3    78.826 sky130_fd_sc_hd__tt_025C_1v80 
sky130_fd_sc_hd__fa_1              15   300.288 sky130_fd_sc_hd__tt_025C_1v80 
sky130_fd_sc_hd__ha_1              27   337.824 sky130_fd_sc_hd__tt_025C_1v80 
sky130_fd_sc_hd__inv_1             94   352.838 sky130_fd_sc_hd__tt_025C_1v80 
sky130_fd_sc_hd__inv_2             83   311.549 sky130_fd_sc_hd__tt_025C_1v80 
sky130_fd_sc_hd__mux2_2             1    11.261 sky130_fd_sc_hd__tt_025C_1v80 
sky130_fd_sc_hd__mux2i_1            1    10.010 sky130_fd_sc_hd__tt_025C_1v80 
sky130_fd_sc_hd__nand2_1          417  1565.251 sky130_fd_sc_hd__tt_025C_1v80 
sky130_fd_sc_hd__nand2_2            1     6.256 sky130_fd_sc_hd__tt_025C_1v80 
sky130_fd_sc_hd__nand2b_1          67   419.152 sky130_fd_sc_hd__tt_025C_1v80 
sky130_fd_sc_hd__nand2b_2           1     8.758 sky130_fd_sc_hd__tt_025C_1v80 
sky130_fd_sc_hd__nand3_1           79   395.379 sky130_fd_sc_hd__tt_025C_1v80 
sky130_fd_sc_hd__nand3b_1           8    60.058 sky130_fd_sc_hd__tt_025C_1v80 
sky130_fd_sc_hd__nand4_1          243  1520.208 sky130_fd_sc_hd__tt_025C_1v80 
sky130_fd_sc_hd__nand4b_1           2    17.517 sky130_fd_sc_hd__tt_025C_1v80 
sky130_fd_sc_hd__nor2_1           215   807.024 sky130_fd_sc_hd__tt_025C_1v80 
sky130_fd_sc_hd__nor2_2            16   100.096 sky130_fd_sc_hd__tt_025C_1v80 
sky130_fd_sc_hd__nor2b_1          134   838.304 sky130_fd_sc_hd__tt_025C_1v80 
sky130_fd_sc_hd__nor3_1             9    45.043 sky130_fd_sc_hd__tt_025C_1v80 
sky130_fd_sc_hd__nor3b_1            4    30.029 sky130_fd_sc_hd__tt_025C_1v80 
sky130_fd_sc_hd__nor4_1             6    37.536 sky130_fd_sc_hd__tt_025C_1v80 
sky130_fd_sc_hd__nor4b_1            2    17.517 sky130_fd_sc_hd__tt_025C_1v80 
sky130_fd_sc_hd__o2111a_1           1    11.261 sky130_fd_sc_hd__tt_025C_1v80 
sky130_fd_sc_hd__o2111ai_1         24   210.202 sky130_fd_sc_hd__tt_025C_1v80 
sky130_fd_sc_hd__o211a_1            1    10.010 sky130_fd_sc_hd__tt_025C_1v80 
sky130_fd_sc_hd__o211ai_1          21   157.651 sky130_fd_sc_hd__tt_025C_1v80 
sky130_fd_sc_hd__o21a_1            12    90.086 sky130_fd_sc_hd__tt_025C_1v80 
sky130_fd_sc_hd__o21ai_0           19    95.091 sky130_fd_sc_hd__tt_025C_1v80 
sky130_fd_sc_hd__o21ai_1           92   460.442 sky130_fd_sc_hd__tt_025C_1v80 
sky130_fd_sc_hd__o21bai_1           6    45.043 sky130_fd_sc_hd__tt_025C_1v80 
sky130_fd_sc_hd__o221a_1            2    22.522 sky130_fd_sc_hd__tt_025C_1v80 
sky130_fd_sc_hd__o221a_2            1    11.261 sky130_fd_sc_hd__tt_025C_1v80 
sky130_fd_sc_hd__o221ai_1          67   586.813 sky130_fd_sc_hd__tt_025C_1v80 
sky130_fd_sc_hd__o22a_1             1     8.758 sky130_fd_sc_hd__tt_025C_1v80 
sky130_fd_sc_hd__o22ai_1           27   168.912 sky130_fd_sc_hd__tt_025C_1v80 
sky130_fd_sc_hd__o2bb2ai_1         55   481.712 sky130_fd_sc_hd__tt_025C_1v80 
sky130_fd_sc_hd__o311a_1            3    30.029 sky130_fd_sc_hd__tt_025C_1v80 
sky130_fd_sc_hd__o311ai_1           2    17.517 sky130_fd_sc_hd__tt_025C_1v80 
sky130_fd_sc_hd__o31ai_1            2    15.014 sky130_fd_sc_hd__tt_025C_1v80 
sky130_fd_sc_hd__o32ai_1            2    17.517 sky130_fd_sc_hd__tt_025C_1v80 
sky130_fd_sc_hd__or2_0             11    68.816 sky130_fd_sc_hd__tt_025C_1v80 
sky130_fd_sc_hd__or2_1             12    75.072 sky130_fd_sc_hd__tt_025C_1v80 
sky130_fd_sc_hd__or2_2              2    12.512 sky130_fd_sc_hd__tt_025C_1v80 
sky130_fd_sc_hd__or3_1              6    37.536 sky130_fd_sc_hd__tt_025C_1v80 
sky130_fd_sc_hd__or3b_1             1     8.758 sky130_fd_sc_hd__tt_025C_1v80 
sky130_fd_sc_hd__or3b_2             2    17.517 sky130_fd_sc_hd__tt_025C_1v80 
sky130_fd_sc_hd__or4_1             65   487.968 sky130_fd_sc_hd__tt_025C_1v80 
sky130_fd_sc_hd__sdfrtp_1         993 31061.041 sky130_fd_sc_hd__tt_025C_1v80 
sky130_fd_sc_hd__xnor2_1            5    43.792 sky130_fd_sc_hd__tt_025C_1v80 
sky130_fd_sc_hd__xor2_1            79   691.914 sky130_fd_sc_hd__tt_025C_1v80 
------------------------------------------------------------------------------
total                            5143 68775.963                               
                                          
     Type      Instances    Area   Area % 
------------------------------------------
sequential          1523 44473.905   64.7 
inverter             196   735.706    1.1 
buffer                 1     5.005    0.0 
logic               3423 23561.347   34.3 
physical_cells         0     0.000    0.0 
------------------------------------------
total               5143 68775.963  100.0 
