============================================================
  Generated by:           Genus(TM) Synthesis Solution 25.13-s071_1
  Generated on:           Sep 28 2026  05:46:21 pm
  Module:                 riscv_core_top
  Operating conditions:   _nominal_ (balanced_tree)
  Wireload mode:          top
  Area mode:              timing library
============================================================


Path 1: MET (14 ps) Setup Check with Pin u_pc_unit_pc_reg[31]/CLK->D
          Group: clk
     Startpoint: (R) u_mem_wb_rd_out_reg[1]/CLK
          Clock: (R) clk
       Endpoint: (F) u_pc_unit_pc_reg[31]/D
          Clock: (R) clk

                     Capture       Launch     
        Clock Edge:+   10000            0     
       Src Latency:+       0            0     
       Net Latency:+       0 (I)        0 (I) 
           Arrival:=   10000            0     
                                              
             Setup:-     129                  
     Required Time:=    9871                  
      Launch Clock:-       0                  
         Data Path:-    9857                  
             Slack:=      14                  

#--------------------------------------------------------------------------------------------------------------------------------
#           Timing Point             Flags     Arc     Edge            Cell             Fanout Load Trans Delay Arrival Instance 
#                                                                                              (fF)  (ps)  (ps)   (ps)  Location 
#--------------------------------------------------------------------------------------------------------------------------------
  u_mem_wb_rd_out_reg[1]/CLK         -       -         R     (arrival)                    1523    -     0     0       0    (-,-) 
  u_mem_wb_rd_out_reg[1]/Q           -       CLK->Q    R     sky130_fd_sc_hd__dfrbp_1       11 27.9   270   500     500    (-,-) 
  g39461/Y                           -       B->Y      F     sky130_fd_sc_hd__nor2_1         2  7.1    82   106     606    (-,-) 
  g39410/Y                           -       A1->Y     R     sky130_fd_sc_hd__a21oi_1        2  5.4   164   172     778    (-,-) 
  g39374/Y                           -       A1->Y     F     sky130_fd_sc_hd__o21ai_1        1  2.6    52    93     872    (-,-) 
  g39369/Y                           -       A->Y      R     sky130_fd_sc_hd__nor2_1         1  2.8    78   104     975    (-,-) 
  g39331/Y                           -       B->Y      F     sky130_fd_sc_hd__nand3_1        2  4.2    71    91    1066    (-,-) 
  g39792/Y                           -       A->Y      R     sky130_fd_sc_hd__nor2b_1        9 25.4   481   406    1472    (-,-) 
  g39294/Y                           -       A->Y      F     sky130_fd_sc_hd__inv_2         24 56.2   197   249    1720    (-,-) 
  g39030/Y                           -       A2->Y     R     sky130_fd_sc_hd__o221ai_1       4  8.3   272   308    2028    (-,-) 
  g38984/Y                           -       A_N->Y    R     sky130_fd_sc_hd__nand2b_1       2  5.0    98   164    2192    (-,-) 
  g38932/Y                           -       B1->Y     F     sky130_fd_sc_hd__o21ai_1        1  2.5    66    73    2266    (-,-) 
  g38925/Y                           -       B->Y      R     sky130_fd_sc_hd__nor2_1         2  4.0    99   109    2374    (-,-) 
  g38916/Y                           -       C_N->Y    R     sky130_fd_sc_hd__nor3b_1        1  2.7   157   183    2558    (-,-) 
  g38907/Y                           -       D->Y      F     sky130_fd_sc_hd__nand4_1        1  2.5    96   113    2670    (-,-) 
  g38901/Y                           -       C->Y      R     sky130_fd_sc_hd__nor3_1         1  2.7   147   146    2816    (-,-) 
  g39789/Y                           -       B->Y      F     sky130_fd_sc_hd__nand4b_1       2  5.0   101   130    2946    (-,-) 
  g38896/Y                           -       B->Y      R     sky130_fd_sc_hd__nand3b_1       1  2.7    65   102    3048    (-,-) 
  g38891/Y                           -       B1->Y     F     sky130_fd_sc_hd__o211ai_1       2  4.3    81   102    3150    (-,-) 
  g38890/X                           -       B->X      F     sky130_fd_sc_hd__and3b_2       33 76.4   192   365    3516    (-,-) 
  g38887/X                           -       B1->X     F     sky130_fd_sc_hd__a22o_1         3  9.4    72   268    3783    (-,-) 
  add_406_27_Y_add_401_18_g1262/Y    -       B->Y      R     sky130_fd_sc_hd__nor2_1         1  2.7    78    93    3876    (-,-) 
  add_406_27_Y_add_401_18_g1227/Y    -       A1->Y     F     sky130_fd_sc_hd__o21ai_1        2  6.3    69    97    3974    (-,-) 
  add_406_27_Y_add_401_18_g1226/Y    -       B1->Y     R     sky130_fd_sc_hd__o21ai_0        1  2.7   133    80    4053    (-,-) 
  add_406_27_Y_add_401_18_g1224/Y    -       A->Y      F     sky130_fd_sc_hd__nand2_1        2  7.0    71    98    4151    (-,-) 
  add_406_27_Y_add_401_18_g1223/Y    -       A->Y      R     sky130_fd_sc_hd__nand2_1        1  2.7    44    67    4218    (-,-) 
  add_406_27_Y_add_401_18_g1221/Y    -       A->Y      F     sky130_fd_sc_hd__nand2_1        2  7.0    59    70    4288    (-,-) 
  add_406_27_Y_add_401_18_g1220/Y    -       A->Y      R     sky130_fd_sc_hd__nand2_1        1  2.7    44    62    4350    (-,-) 
  add_406_27_Y_add_401_18_g1218/Y    -       A->Y      F     sky130_fd_sc_hd__nand2_1        2  6.7    57    68    4418    (-,-) 
  add_406_27_Y_add_401_18_g1217/Y    -       B1->Y     R     sky130_fd_sc_hd__o21ai_1        1  2.7    99    75    4493    (-,-) 
  add_406_27_Y_add_401_18_g1215/Y    -       A->Y      F     sky130_fd_sc_hd__nand2_1        2  7.0    65    88    4581    (-,-) 
  add_406_27_Y_add_401_18_g1214/Y    -       A->Y      R     sky130_fd_sc_hd__nand2_1        1  2.7    44    64    4646    (-,-) 
  add_406_27_Y_add_401_18_g1212/Y    -       A->Y      F     sky130_fd_sc_hd__nand2_1        2  7.0    59    70    4716    (-,-) 
  add_406_27_Y_add_401_18_g1211/Y    -       A->Y      R     sky130_fd_sc_hd__nand2_1        1  2.7    44    62    4778    (-,-) 
  add_406_27_Y_add_401_18_g1209/Y    -       A->Y      F     sky130_fd_sc_hd__nand2_1        2  6.7    57    68    4846    (-,-) 
  add_406_27_Y_add_401_18_g1208/Y    -       B1->Y     R     sky130_fd_sc_hd__o21ai_1        1  2.7    99    75    4921    (-,-) 
  add_406_27_Y_add_401_18_g1206/Y    -       A->Y      F     sky130_fd_sc_hd__nand2_1        2  7.0    65    88    5009    (-,-) 
  add_406_27_Y_add_401_18_g1205/Y    -       A->Y      R     sky130_fd_sc_hd__nand2_1        1  2.7    44    64    5074    (-,-) 
  add_406_27_Y_add_401_18_g1203/Y    -       A->Y      F     sky130_fd_sc_hd__nand2_1        2  6.7    57    68    5142    (-,-) 
  add_406_27_Y_add_401_18_g1202/Y    -       B1->Y     R     sky130_fd_sc_hd__o21ai_1        1  2.7    99    75    5217    (-,-) 
  add_406_27_Y_add_401_18_g1200/Y    -       A->Y      F     sky130_fd_sc_hd__nand2_1        2  7.0    65    88    5305    (-,-) 
  add_406_27_Y_add_401_18_g1199/Y    -       A->Y      R     sky130_fd_sc_hd__nand2_1        1  2.7    44    64    5370    (-,-) 
  add_406_27_Y_add_401_18_g1197/Y    -       A->Y      F     sky130_fd_sc_hd__nand2_1        2  7.0    59    70    5440    (-,-) 
  add_406_27_Y_add_401_18_g1196/Y    -       A->Y      R     sky130_fd_sc_hd__nand2_1        1  2.7    44    62    5501    (-,-) 
  add_406_27_Y_add_401_18_g1194/Y    -       A->Y      F     sky130_fd_sc_hd__nand2_1        2  6.7    57    68    5570    (-,-) 
  add_406_27_Y_add_401_18_g1193/Y    -       B1->Y     R     sky130_fd_sc_hd__o21ai_1        1  2.7    99    75    5645    (-,-) 
  add_406_27_Y_add_401_18_g1191/Y    -       A->Y      F     sky130_fd_sc_hd__nand2_1        2  6.7    64    86    5731    (-,-) 
  add_406_27_Y_add_401_18_g1190/Y    -       B1->Y     R     sky130_fd_sc_hd__o21ai_1        1  1.9    85    70    5802    (-,-) 
  add_406_27_Y_add_401_18_g2/X       -       A->X      R     sky130_fd_sc_hd__and2_0         3  8.3   130   182    5984    (-,-) 
  add_406_27_Y_add_401_18_g1185/Y    -       B2->Y     F     sky130_fd_sc_hd__o2bb2ai_1      2  6.3    69    99    6083    (-,-) 
  add_406_27_Y_add_401_18_g1183/Y    -       B1->Y     R     sky130_fd_sc_hd__o21ai_0        1  2.7   133    80    6162    (-,-) 
  add_406_27_Y_add_401_18_g1181/Y    -       A->Y      F     sky130_fd_sc_hd__nand2_1        2  6.3    67    94    6256    (-,-) 
  add_406_27_Y_add_401_18_g1180/Y    -       B1->Y     R     sky130_fd_sc_hd__o21ai_0        1  2.7   133    79    6335    (-,-) 
  add_406_27_Y_add_401_18_g1178/Y    -       A->Y      F     sky130_fd_sc_hd__nand2_1        2  7.0    71    98    6433    (-,-) 
  add_406_27_Y_add_401_18_g1177/Y    -       A->Y      R     sky130_fd_sc_hd__nand2_1        1  2.7    44    67    6500    (-,-) 
  add_406_27_Y_add_401_18_g1175/Y    -       A->Y      F     sky130_fd_sc_hd__nand2_1        2  6.7    57    68    6568    (-,-) 
  add_406_27_Y_add_401_18_g1174/Y    -       B1->Y     R     sky130_fd_sc_hd__o21ai_1        1  2.7    99    75    6643    (-,-) 
  add_406_27_Y_add_401_18_g1172/Y    -       A->Y      F     sky130_fd_sc_hd__nand2_1        2  6.7    64    86    6729    (-,-) 
  add_406_27_Y_add_401_18_g1171/Y    -       B1->Y     R     sky130_fd_sc_hd__o21ai_1        1  2.7    99    78    6808    (-,-) 
  add_406_27_Y_add_401_18_g1169/Y    -       A->Y      F     sky130_fd_sc_hd__nand2_1        2  6.7    64    86    6894    (-,-) 
  add_406_27_Y_add_401_18_g1168/Y    -       B1->Y     R     sky130_fd_sc_hd__o21ai_1        1  2.7    99    78    6972    (-,-) 
  add_406_27_Y_add_401_18_g1166/Y    -       A->Y      F     sky130_fd_sc_hd__nand2_1        2  6.7    64    86    7058    (-,-) 
  add_406_27_Y_add_401_18_g1165/Y    -       B1->Y     R     sky130_fd_sc_hd__o21ai_1        1  2.7    99    78    7136    (-,-) 
  add_406_27_Y_add_401_18_g1163/Y    -       A->Y      F     sky130_fd_sc_hd__nand2_1        2  6.7    64    86    7223    (-,-) 
  add_406_27_Y_add_401_18_g1162/Y    -       B1->Y     R     sky130_fd_sc_hd__o21ai_1        1  2.7    99    78    7301    (-,-) 
  add_406_27_Y_add_401_18_g1160/Y    -       A->Y      F     sky130_fd_sc_hd__nand2_1        2  6.7    64    86    7387    (-,-) 
  add_406_27_Y_add_401_18_g1159/Y    -       B1->Y     R     sky130_fd_sc_hd__o21ai_1        1  2.7    99    78    7466    (-,-) 
  add_406_27_Y_add_401_18_g1157/Y    -       A->Y      F     sky130_fd_sc_hd__nand2_1        2  6.3    61    84    7550    (-,-) 
  add_406_27_Y_add_401_18_g1156/Y    -       B1->Y     R     sky130_fd_sc_hd__o21ai_0        1  2.7   133    76    7626    (-,-) 
  add_406_27_Y_add_401_18_g1154/Y    -       A->Y      F     sky130_fd_sc_hd__nand2_1        2  6.3    67    94    7719    (-,-) 
  add_406_27_Y_add_401_18_g1153/Y    -       B1->Y     R     sky130_fd_sc_hd__o21ai_0        1  2.7   133    79    7798    (-,-) 
  add_406_27_Y_add_401_18_g1151/Y    -       A->Y      F     sky130_fd_sc_hd__nand2_1        1  4.8    59    84    7882    (-,-) 
  g45397/COUT                        -       CIN->COUT F     sky130_fd_sc_hd__fa_1           1  4.8    82   383    8266    (-,-) 
  add_406_27_Y_add_401_18_g1147/COUT -       CIN->COUT F     sky130_fd_sc_hd__fa_1           1  4.8    82   391    8657    (-,-) 
  add_406_27_Y_add_401_18_g1146/COUT -       CIN->COUT F     sky130_fd_sc_hd__fa_1           1  4.8    82   391    9048    (-,-) 
  add_406_27_Y_add_401_18_g1145/COUT -       CIN->COUT F     sky130_fd_sc_hd__fa_1           2  5.1    84   394    9442    (-,-) 
  add_406_27_Y_add_401_18_g1144/Y    -       A2_N->Y   F     sky130_fd_sc_hd__o2bb2ai_1      1  2.4    50   133    9575    (-,-) 
  g44683/Y                           -       C1->Y     R     sky130_fd_sc_hd__a222oi_1       1  2.7   264   211    9786    (-,-) 
  g44613/Y                           -       A->Y      F     sky130_fd_sc_hd__inv_1          1  2.2    55    67    9854    (-,-) 
  u_pc_unit_pc_reg[31]/D             <<<     -         F     sky130_fd_sc_hd__dfrtp_1        1    -     -     4    9857    (-,-) 
#--------------------------------------------------------------------------------------------------------------------------------

